Archive member included to satisfy reference by file (symbol)

c:/devkitPro/libnds/lib\libmm9.a(mm_main9.o)
                              main.o (mmInitDefaultMem)
c:/devkitPro/libnds/lib\libmm9.a(mm_memory.o)
                              main.o (mmLoadEffect)
c:/devkitPro/libnds/lib\libmm9.a(mm_comms.o)
                              c:/devkitPro/libnds/lib\libmm9.a(mm_main9.o) (mmSetupComms)
c:/devkitPro/libnds/lib\libmm9.a(mm_flusher.o)
                              c:/devkitPro/libnds/lib\libmm9.a(mm_memory.o) (mmFlushBank)
c:/devkitPro/libnds/lib\libmm9.a(mm_soundbank.o)
                              c:/devkitPro/libnds/lib\libmm9.a(mm_main9.o) (mmSoundBankInMemory)
c:/devkitPro/libnds/lib\libnds9.a(video.o)
                              main.o (vramSetPrimaryBanks)
c:/devkitPro/libnds/lib\libnds9.a(touch.o)
                              main.o (touchRead)
c:/devkitPro/libnds/lib\libnds9.a(system.o)
                              main.o (powerOn)
c:/devkitPro/libnds/lib\libnds9.a(keys.o)
                              main.o (scanKeys)
c:/devkitPro/libnds/lib\libnds9.a(initSystem.o)
                              c:/devkitpro/devkitarm/bin/../lib/gcc/arm-none-eabi/6.3.0/../../../../arm-none-eabi/lib/ds_arm9_crt0.o (initSystem)
c:/devkitPro/libnds/lib\libnds9.a(timeSupport.o)
                              c:/devkitPro/libnds/lib\libnds9.a(initSystem.o) (__libnds_gtod)
c:/devkitPro/libnds/lib\libnds9.a(securearea.o)
                              c:/devkitpro/devkitarm/bin/../lib/gcc/arm-none-eabi/6.3.0/../../../../arm-none-eabi/lib/ds_arm9_crt0.o (__secure_area__)
c:/devkitPro/libnds/lib\libnds9.a(interrupts.o)
                              c:/devkitPro/libnds/lib\libnds9.a(initSystem.o) (irqInit)
c:/devkitPro/libnds/lib\libnds9.a(libnds_exit.arm.o)
                              c:/devkitpro/devkitarm/bin/../lib/gcc/arm-none-eabi/6.3.0/../../../../arm-none-eabi/lib/ds_arm9_crt0.o (__libnds_exit)
c:/devkitPro/libnds/lib\libnds9.a(fifosystem.o)
                              c:/devkitPro/libnds/lib\libmm9.a(mm_comms.o) (fifoSetValue32Handler)
c:/devkitPro/libnds/lib\libnds9.a(mpu_setup.o)
                              c:/devkitpro/devkitarm/bin/../lib/gcc/arm-none-eabi/6.3.0/../../../../arm-none-eabi/lib/ds_arm9_crt0.o (__libnds_mpu_setup)
c:/devkitPro/libnds/lib\libnds9.a(IntrWait.o)
                              main.o (swiWaitForVBlank)
c:/devkitPro/libnds/lib\libnds9.a(cpu_clock.o)
                              c:/devkitPro/libnds/lib\libnds9.a(initSystem.o) (setCpuClock)
c:/devkitPro/libnds/lib\libnds9.a(interruptDispatcher.o)
                              c:/devkitPro/libnds/lib\libnds9.a(interrupts.o) (IntrMain)
c:/devkitPro/libnds/lib\libnds9.a(swiSoftReset.o)
                              c:/devkitPro/libnds/lib\libnds9.a(fifosystem.o) (swiSoftReset)
c:/devkitPro/libnds/lib\libnds9.a(biosCalls.o)
                              c:/devkitPro/libnds/lib\libnds9.a(system.o) (swiDelay)
c:/devkitpro/devkitarm/bin/../lib/gcc/arm-none-eabi/6.3.0\libgcc.a(_divsi3.o)
                              main.o (__aeabi_idivmod)
c:/devkitpro/devkitarm/bin/../lib/gcc/arm-none-eabi/6.3.0\libgcc.a(_dvmd_tls.o)
                              c:/devkitpro/devkitarm/bin/../lib/gcc/arm-none-eabi/6.3.0\libgcc.a(_divsi3.o) (__aeabi_idiv0)
c:/devkitpro/devkitarm/bin/../lib/gcc/arm-none-eabi/6.3.0/../../../../arm-none-eabi/lib\libg.a(lib_a-fclose.o)
                              c:/devkitPro/libnds/lib\libmm9.a(mm_main9.o) (fclose)
c:/devkitpro/devkitarm/bin/../lib/gcc/arm-none-eabi/6.3.0/../../../../arm-none-eabi/lib\libg.a(lib_a-fflush.o)
                              c:/devkitpro/devkitarm/bin/../lib/gcc/arm-none-eabi/6.3.0/../../../../arm-none-eabi/lib\libg.a(lib_a-fclose.o) (__sflush_r)
c:/devkitpro/devkitarm/bin/../lib/gcc/arm-none-eabi/6.3.0/../../../../arm-none-eabi/lib\libg.a(lib_a-findfp.o)
                              c:/devkitpro/devkitarm/bin/../lib/gcc/arm-none-eabi/6.3.0/../../../../arm-none-eabi/lib\libg.a(lib_a-fclose.o) (__sinit)
c:/devkitpro/devkitarm/bin/../lib/gcc/arm-none-eabi/6.3.0/../../../../arm-none-eabi/lib\libg.a(lib_a-fopen.o)
                              c:/devkitPro/libnds/lib\libmm9.a(mm_main9.o) (fopen)
c:/devkitpro/devkitarm/bin/../lib/gcc/arm-none-eabi/6.3.0/../../../../arm-none-eabi/lib\libg.a(lib_a-fread.o)
                              c:/devkitPro/libnds/lib\libmm9.a(mm_main9.o) (fread)
c:/devkitpro/devkitarm/bin/../lib/gcc/arm-none-eabi/6.3.0/../../../../arm-none-eabi/lib\libg.a(lib_a-freer.o)
                              c:/devkitpro/devkitarm/bin/../lib/gcc/arm-none-eabi/6.3.0/../../../../arm-none-eabi/lib\libg.a(lib_a-fclose.o) (_free_r)
c:/devkitpro/devkitarm/bin/../lib/gcc/arm-none-eabi/6.3.0/../../../../arm-none-eabi/lib\libg.a(lib_a-fseek.o)
                              c:/devkitpro/devkitarm/bin/../lib/gcc/arm-none-eabi/6.3.0/../../../../arm-none-eabi/lib\libg.a(lib_a-fopen.o) (_fseek_r)
[...]
Memory Configuration

Name             Origin             Length             Attributes
ewram            0x02000000         0x00380000
dtcm             0x0b000000         0x00004000
vectors          0x01000000         0x00000100
itcm             0x01000100         0x00007f00
*default*        0x00000000         0xffffffff

Linker script and memory map

                0x02380000                __ewram_end = (ORIGIN (ewram) + LENGTH (ewram))
                0x02380000                __eheap_end = (ORIGIN (ewram) + LENGTH (ewram))
                0x0b004000                __dtcm_top = (ORIGIN (dtcm) + LENGTH (dtcm))
                0x0b003ff8                __irq_flags = (__dtcm_top - 0x8)
                0x0b003ffc                __irq_vector = (__dtcm_top - 0x4)
                0x0b003f00                __sp_svc = (__dtcm_top - 0x100)
                0x0b003e00                __sp_irq = (__sp_svc - 0x100)
                0x0b003d00                __sp_usr = (__sp_irq - 0x100)

.secure         0x02000000      0x800
 *(.secure)
 .secure        0x02000000      0x800 c:/devkitPro/libnds/lib\libnds9.a(securearea.o)
                0x02000000                __secure_area__

.crt0           0x02000800      0x300
                0x02000800                __text_start = .
 *(.crt0)
 .crt0          0x02000800      0x300 c:/devkitpro/devkitarm/bin/../lib/gcc/arm-none-eabi/6.3.0/../../../../arm-none-eabi/lib/ds_arm9_crt0.o
                0x02000800                _start
                0x02000b00                . = ALIGN (0x4)

.plt
 *(.plt)

.init           0x02000b00       0x18
 *(SORT(.init))
 .init          0x02000b00        0xc c:/devkitpro/devkitarm/bin/../lib/gcc/arm-none-eabi/6.3.0/crti.o
                0x02000b00                _init
 .init          0x02000b0c        0xc c:/devkitpro/devkitarm/bin/../lib/gcc/arm-none-eabi/6.3.0/crtn.o

.text           0x02000b18     0xf860
 *(EXCLUDE_FILE(*.twl* *.vectors* *.itcm*) .text)
 .text          0x02000b18     0x4e98 main.o
                0x020024d8                sleepwait(int)
                0x02002518                initVideo()
                0x02002558                initBackgrounds()
                0x020025e8                displayselect_bg()
                0x02002620                displayintro_bg()
                0x02002658                displaycontrols_bg()
                0x02002690                displayhistory_bg()
                0x020026c8                displayoriginal_bg()
                0x02002700                displaygame_bg()
                0x02002738                display_jpeg(pngimg, int, int)
                0x020027e8                display_jr(bool, int)
                0x020041a8                display_score(int)
                0x02005970                update_score(int, int)
 .text          0x020059b0      0x108 c:/devkitPro/libnds/lib\libmm9.a(mm_main9.o)
                0x020059b0                mmActive
                0x020059b6                mmSetEventHandler
                0x020059bc                mmInit
                0x020059e6                mmInitDefault
                0x02005a30                mmInitDefaultMem
                0x02005a52                mmSuspendIRQ_t
                0x02005a70                mmRestoreIRQ_t
 .text          0x02005ab8      0x120 c:/devkitPro/libnds/lib\libmm9.a(mm_memory.o)
                0x02005ab8                mmLoad
                0x02005b08                mmUnload
                0x02005b60                mmLoadEffect
                0x02005b98                mmUnloadEffect
 .text          0x02005bd8      0x24c c:/devkitPro/libnds/lib\libmm9.a(mm_comms.o)
                0x02005bd8                mmSetupComms
                0x02005c2a                mmSendBank
                0x02005c34                mmLockChannels
                0x02005c3a                mmUnlockChannels
                0x02005c40                mmStart
                0x02005c4a                mmPause
                0x02005c4e                mmResume
                0x02005c52                mmStop
                0x02005c56                mmPosition
                0x02005c5a                mmJingle
                0x02005c5e                mmSetModuleVolume
                0x02005c62                mmSetJingleVolume
                0x02005c66                mmSetModuleTempo
                0x02005c6a                mmSetModulePitch
                0x02005c6e                mmSetEffectsVolume
                0x02005c72                mmSelectMode
                0x02005c76                mmStreamBegin
                0x02005c8a                mmStreamEnd
                0x02005ce0                mmEffect
                0x02005d04                mmEffectVolume
                0x02005d08                mmEffectPanning
                0x02005d0c                mmEffectRate
                0x02005d16                mmEffectScaleRate
                0x02005d20                mmEffectRelease
                0x02005d26                mmEffectCancel
                0x02005d2c                mmEffectEx
                0x02005d6a                mmEffectCancelAll
                0x02005d6e                mmReverbEnable
                0x02005d72                mmReverbDisable
                0x02005d76                mmReverbConfigure
                0x02005dd2                mmReverbStart
                0x02005dd6                mmReverbStop
 .text          0x02005e24       0x3c c:/devkitPro/libnds/lib\libmm9.a(mm_flusher.o)
                0x02005e24                mmFlushBank
 .text          0x02005e60      0x100 c:/devkitPro/libnds/lib\libmm9.a(mm_soundbank.o)
                0x02005e60                mmSoundBankInMemory
                0x02005e68                mmSoundBankInFiles
                0x02005e7a                mmSetCustomSoundBankHandler
                0x02005ea6                mmsHandleFileOp
 .text          0x02005f60      0x148 c:/devkitpro/devkitarm/bin/../lib/gcc/arm-none-eabi/6.3.0\libgcc.a(_divsi3.o)
                0x02005f60                __divsi3
                0x02005f60                __aeabi_idiv
                0x02006088                __aeabi_idivmod
 .text          0x020060a8        0x4 c:/devkitpro/devkitarm/bin/../lib/gcc/arm-none-eabi/6.3.0\libgcc.a(_dvmd_tls.o)
                0x020060a8                __aeabi_idiv0
                0x020060a8                __aeabi_ldiv0
 .text          0x020060ac      0x114 c:/devkitpro/devkitarm/bin/../lib/gcc/arm-none-eabi/6.3.0\libgcc.a(_udivsi3.o)
                0x020060ac                __aeabi_uidiv
                0x020060ac                __udivsi3
                0x020061a0                __aeabi_uidivmod
 *(EXCLUDE_FILE(*.twl* *.vectors* *.itcm*) .stub)
 *(EXCLUDE_FILE(*.twl* *.vectors* *.itcm*) .text.*)
 .text.deregister_tm_clones
                0x020061c0       0x30 c:/devkitpro/devkitarm/bin/../lib/gcc/arm-none-eabi/6.3.0/crtbegin.o
 .text.register_tm_clones
                0x020061f0       0x38 c:/devkitpro/devkitarm/bin/../lib/gcc/arm-none-eabi/6.3.0/crtbegin.o
 .text.__do_global_dtors_aux
                0x02006228       0x44 c:/devkitpro/devkitarm/bin/../lib/gcc/arm-none-eabi/6.3.0/crtbegin.o
 .text.frame_dummy
                0x0200626c       0x5c c:/devkitpro/devkitarm/bin/../lib/gcc/arm-none-eabi/6.3.0/crtbegin.o
 .text.startup  0x020062c8     0x5490 main.o
                0x020062c8                main
 .text.vramSetMainBanks
                0x0200b758       0x44 c:/devkitPro/libnds/lib\libnds9.a(video.o)
                0x0200b758                vramSetMainBanks
 .text.vramSetPrimaryBanks
                0x0200b79c        0x8 c:/devkitPro/libnds/lib\libnds9.a(video.o)
                0x0200b79c                vramSetPrimaryBanks
 .text.vramDefault
                0x0200b7a4       0xd0 c:/devkitPro/libnds/lib\libnds9.a(video.o)
                0x0200b7a4                vramDefault
 .text.touchRead
                0x0200b874       0x24 c:/devkitPro/libnds/lib\libnds9.a(touch.o)
                0x0200b874                touchRead
 .text.systemValueHandler
                0x0200b898       0x48 c:/devkitPro/libnds/lib\libnds9.a(system.o)
                0x0200b898                systemValueHandler
 .text.systemMsgHandler
                0x0200b8e0       0x5c c:/devkitPro/libnds/lib\libnds9.a(system.o)
                0x0200b8e0                systemMsgHandler
 .text.powerOn  0x0200b93c       0x2c c:/devkitPro/libnds/lib\libnds9.a(system.o)
                0x0200b93c                powerOn
 .text.scanKeys
                0x0200b968       0x90 c:/devkitPro/libnds/lib\libnds9.a(keys.o)
                0x0200b968                scanKeys
 .text.keysDown
                0x0200b9f8       0x14 c:/devkitPro/libnds/lib\libnds9.a(keys.o)
                0x0200b9f8                keysDown
 .text.initSystem
                0x0200ba0c      0x194 c:/devkitPro/libnds/lib\libnds9.a(initSystem.o)
                0x0200ba0c                initSystem
 .text.__libnds_gtod
                0x0200bba0       0x24 c:/devkitPro/libnds/lib\libnds9.a(timeSupport.o)
                0x0200bba0                __libnds_gtod
 .text.irqDummy
                0x0200bbc4        0x4 c:/devkitPro/libnds/lib\libnds9.a(interrupts.o)
                0x0200bbc4                irqDummy
 .text.irqSet   0x0200bbc8       0x6c c:/devkitPro/libnds/lib\libnds9.a(interrupts.o)
                0x0200bbc8                irqSet
 .text.irqInit  0x0200bc34       0x50 c:/devkitPro/libnds/lib\libnds9.a(interrupts.o)
                0x0200bc34                irqInit
 .text.irqEnable
                0x0200bc84       0x64 c:/devkitPro/libnds/lib\libnds9.a(interrupts.o)
                0x0200bc84                irqEnable
 .text.irqDisable
                0x0200bce8       0x64 c:/devkitPro/libnds/lib\libnds9.a(interrupts.o)
                0x0200bce8                irqDisable
 .text.systemErrorExit
                0x0200bd4c        0x4 c:/devkitPro/libnds/lib\libnds9.a(libnds_exit.arm.o)
                0x0200bd4c                systemErrorExit
 .text.__libnds_exit
                0x0200bd50       0x5c c:/devkitPro/libnds/lib\libnds9.a(libnds_exit.arm.o)
                0x0200bd50                __libnds_exit
 .text.__timeoutvbl
                0x0200bdac       0x10 c:/devkitPro/libnds/lib\libnds9.a(fifosystem.o)
 .text.fifo_allocBlock.part.0
                0x0200bdbc       0x34 c:/devkitPro/libnds/lib\libnds9.a(fifosystem.o)
 .text.fifo_waitBlock
                0x0200bdf0       0x48 c:/devkitPro/libnds/lib\libnds9.a(fifosystem.o)
 .text.fifoInternalSendInterrupt
                0x0200be38       0x9c c:/devkitPro/libnds/lib\libnds9.a(fifosystem.o)
 .text.fifoInternalSend.part.2
                0x0200bed4       0xd8 c:/devkitPro/libnds/lib\libnds9.a(fifosystem.o)
 .text.fifoGetValue32.part.3
                0x0200bfac       0x74 c:/devkitPro/libnds/lib\libnds9.a(fifosystem.o)
 .text.fifoSetValue32Handler
                0x0200c020       0x74 c:/devkitPro/libnds/lib\libnds9.a(fifosystem.o)
                0x0200c020                fifoSetValue32Handler
 .text.fifoSendValue32
                0x0200c094       0x50 c:/devkitPro/libnds/lib\libnds9.a(fifosystem.o)
                0x0200c094                fifoSendValue32
 .text.fifoSendDatamsg
                0x0200c0e4       0x90 c:/devkitPro/libnds/lib\libnds9.a(fifosystem.o)
                0x0200c0e4                fifoSendDatamsg
 .text.fifoGetDatamsg
                0x0200c174      0x148 c:/devkitPro/libnds/lib\libnds9.a(fifosystem.o)
                0x0200c174                fifoGetDatamsg
 .text.fifoInternalRecvInterrupt
                0x0200c2bc      0x460 c:/devkitPro/libnds/lib\libnds9.a(fifosystem.o)
 .text.fifoSetDatamsgHandler
                0x0200c71c       0x9c c:/devkitPro/libnds/lib\libnds9.a(fifosystem.o)
                0x0200c71c                fifoSetDatamsgHandler
 .text.fifoInit
                0x0200c7b8      0x1cc c:/devkitPro/libnds/lib\libnds9.a(fifosystem.o)
                0x0200c7b8                fifoInit
 .text.__libnds_mpu_setup
                0x0200c984      0x174 c:/devkitPro/libnds/lib\libnds9.a(mpu_setup.o)
                0x0200c984                __libnds_mpu_setup
 .text.memUncached
                0x0200caf8       0x20 c:/devkitPro/libnds/lib\libnds9.a(mpu_setup.o)
                0x0200caf8                memUncached
 .text.swiWaitForVBlank
                0x0200cb18        0x8 c:/devkitPro/libnds/lib\libnds9.a(IntrWait.o)
                0x0200cb18                swiWaitForVBlank
 .text.swiIntrWait
                0x0200cb20       0x64 c:/devkitPro/libnds/lib\libnds9.a(IntrWait.o)
                0x0200cb20                swiIntrWait
 .text.setCpuClock
                0x0200cb84       0x50 c:/devkitPro/libnds/lib\libnds9.a(cpu_clock.o)
                0x0200cb84                setCpuClock
 .text.swiSoftReset
                0x0200cbd4       0x2c c:/devkitPro/libnds/lib\libnds9.a(swiSoftReset.o)
                0x0200cbd4                swiSoftReset
 .text.swiDelay
                0x0200cc00        0x4 c:/devkitPro/libnds/lib\libnds9.a(biosCalls.o)
                0x0200cc00                swiDelay
 .text._fclose_r
                0x0200cc04      0x160 c:/devkitpro/devkitarm/bin/../lib/gcc/arm-none-eabi/6.3.0/../../../../arm-none-eabi/lib\libg.a(lib_a-fclose.o)
                0x0200cc04                _fclose_r
 .text.fclose   0x0200cd64       0x18 c:/devkitpro/devkitarm/bin/../lib/gcc/arm-none-eabi/6.3.0/../../../../arm-none-eabi/lib\libg.a(lib_a-fclose.o)
                0x0200cd64                fclose
 .text.__sflush_r
                0x0200cd7c      0x27c c:/devkitpro/devkitarm/bin/../lib/gcc/arm-none-eabi/6.3.0/../../../../arm-none-eabi/lib\libg.a(lib_a-fflush.o)
                0x0200cd7c                __sflush_r
 .text._fflush_r
                0x0200cff8       0x9c c:/devkitpro/devkitarm/bin/../lib/gcc/arm-none-eabi/6.3.0/../../../../arm-none-eabi/lib\libg.a(lib_a-fflush.o)
                0x0200cff8                _fflush_r
 .text.fflush   0x0200d094       0x3c c:/devkitpro/devkitarm/bin/../lib/gcc/arm-none-eabi/6.3.0/../../../../arm-none-eabi/lib\libg.a(lib_a-fflush.o)
                0x0200d094                fflush
 .text._cleanup_r
                0x0200d0d0       0x18 c:/devkitpro/devkitarm/bin/../lib/gcc/arm-none-eabi/6.3.0/../../../../arm-none-eabi/lib\libg.a(lib_a-findfp.o)
                0x0200d0d0                _cleanup_r
 .text.std.isra.0
                0x0200d0e8       0x84 c:/devkitpro/devkitarm/bin/../lib/gcc/arm-none-eabi/6.3.0/../../../../arm-none-eabi/lib\libg.a(lib_a-findfp.o)
 .text.__sfmoreglue
                0x0200d16c       0x4c c:/devkitpro/devkitarm/bin/../lib/gcc/arm-none-eabi/6.3.0/../../../../arm-none-eabi/lib\libg.a(lib_a-findfp.o)
                0x0200d16c                __sfmoreglue
 .text.__sinit  0x0200d1b8       0x94 c:/devkitpro/devkitarm/bin/../lib/gcc/arm-none-eabi/6.3.0/../../../../arm-none-eabi/lib\libg.a(lib_a-findfp.o)
                0x0200d1b8                __sinit
 .text.__sfp    0x0200d24c      0x120 c:/devkitpro/devkitarm/bin/../lib/gcc/arm-none-eabi/6.3.0/../../../../arm-none-eabi/lib\libg.a(lib_a-findfp.o)
                0x0200d24c                __sfp
 .text.__sfp_lock_acquire
                0x0200d36c       0x18 c:/devkitpro/devkitarm/bin/../lib/gcc/arm-none-eabi/6.3.0/../../../../arm-none-eabi/lib\libg.a(lib_a-findfp.o)
                0x0200d36c                __sfp_lock_acquire
 .text.__sfp_lock_release
                0x0200d384       0x18 c:/devkitpro/devkitarm/bin/../lib/gcc/arm-none-eabi/6.3.0/../../../../arm-none-eabi/lib\libg.a(lib_a-findfp.o)
                0x0200d384                __sfp_lock_release
 .text._fopen_r
                0x0200d39c      0x154 c:/devkitpro/devkitarm/bin/../lib/gcc/arm-none-eabi/6.3.0/../../../../arm-none-eabi/lib\libg.a(lib_a-fopen.o)
                0x0200d39c                _fopen_r
 .text.fopen    0x0200d4f0       0x20 c:/devkitpro/devkitarm/bin/../lib/gcc/arm-none-eabi/6.3.0/../../../../arm-none-eabi/lib\libg.a(lib_a-fopen.o)
                0x0200d4f0                fopen
 .text._fread_r
                0x0200d510      0x2d4 c:/devkitpro/devkitarm/bin/../lib/gcc/arm-none-eabi/6.3.0/../../../../arm-none-eabi/lib\libg.a(lib_a-fread.o)
                0x0200d510                _fread_r
 .text.fread    0x0200d7e4       0x3c c:/devkitpro/devkitarm/bin/../lib/gcc/arm-none-eabi/6.3.0/../../../../arm-none-eabi/lib\libg.a(lib_a-fread.o)
                0x0200d7e4                fread
 .text._malloc_trim_r
                0x0200d820      0x100 c:/devkitpro/devkitarm/bin/../lib/gcc/arm-none-eabi/6.3.0/../../../../arm-none-eabi/lib\libg.a(lib_a-freer.o)
                0x0200d820                _malloc_trim_r
 .text._free_r  0x0200d920      0x2e0 c:/devkitpro/devkitarm/bin/../lib/gcc/arm-none-eabi/6.3.0/../../../../arm-none-eabi/lib\libg.a(lib_a-freer.o)
                0x0200d920                _free_r
 .text._fseek_r
                0x0200dc00       0x20 c:/devkitpro/devkitarm/bin/../lib/gcc/arm-none-eabi/6.3.0/../../../../arm-none-eabi/lib\libg.a(lib_a-fseek.o)
                0x0200dc00                _fseek_r
 .text.fseek    0x0200dc20       0x3c c:/devkitpro/devkitarm/bin/../lib/gcc/arm-none-eabi/6.3.0/../../../../arm-none-eabi/lib\libg.a(lib_a-fseek.o)
                0x0200dc20                fseek
 .text._fseeko_r
                0x0200dc5c      0x61c c:/devkitpro/devkitarm/bin/../lib/gcc/arm-none-eabi/6.3.0/../../../../arm-none-eabi/lib\libg.a(lib_a-fseeko.o)
                0x0200dc5c                _fseeko_r
 .text._fwalk   0x0200e278       0x84 c:/devkitpro/devkitarm/bin/../lib/gcc/arm-none-eabi/6.3.0/../../../../arm-none-eabi/lib\libg.a(lib_a-fwalk.o)
                0x0200e278                _fwalk
 .text._fwalk_reent
                0x0200e2fc       0x8c c:/devkitpro/devkitarm/bin/../lib/gcc/arm-none-eabi/6.3.0/../../../../arm-none-eabi/lib\libg.a(lib_a-fwalk.o)
                0x0200e2fc                _fwalk_reent
 .text.__libc_init_array
                0x0200e388       0x80 c:/devkitpro/devkitarm/bin/../lib/gcc/arm-none-eabi/6.3.0/../../../../arm-none-eabi/lib\libg.a(lib_a-init.o)
                0x0200e388                __libc_init_array
 .text.__swhatbuf_r
                0x0200e408       0xa0 c:/devkitpro/devkitarm/bin/../lib/gcc/arm-none-eabi/6.3.0/../../../../arm-none-eabi/lib\libg.a(lib_a-makebuf.o)
                0x0200e408                __swhatbuf_r
 .text.__smakebuf_r
                0x0200e4a8      0x100 c:/devkitpro/devkitarm/bin/../lib/gcc/arm-none-eabi/6.3.0/../../../../arm-none-eabi/lib\libg.a(lib_a-makebuf.o)
                0x0200e4a8                __smakebuf_r
 .text.malloc   0x0200e5a8       0x1c c:/devkitpro/devkitarm/bin/../lib/gcc/arm-none-eabi/6.3.0/../../../../arm-none-eabi/lib\libg.a(lib_a-malloc.o)
                0x0200e5a8                malloc
 .text.free     0x0200e5c4       0x1c c:/devkitpro/devkitarm/bin/../lib/gcc/arm-none-eabi/6.3.0/../../../../arm-none-eabi/lib\libg.a(lib_a-malloc.o)
                0x0200e5c4                free
 .text._malloc_r
                0x0200e5e0      0x78c c:/devkitpro/devkitarm/bin/../lib/gcc/arm-none-eabi/6.3.0/../../../../arm-none-eabi/lib\libg.a(lib_a-mallocr.o)
                0x0200e5e0                _malloc_r
 .text.memcpy   0x0200ed6c      0x114 c:/devkitpro/devkitarm/bin/../lib/gcc/arm-none-eabi/6.3.0/../../../../arm-none-eabi/lib\libg.a(lib_a-memcpy-stub.o)
                0x0200ed6c                memcpy
 .text.memset   0x0200ee80      0x114 c:/devkitpro/devkitarm/bin/../lib/gcc/arm-none-eabi/6.3.0/../../../../arm-none-eabi/lib\libg.a(lib_a-memset.o)
                0x0200ee80                memset
 .text.__malloc_lock
                0x0200ef94       0x18 c:/devkitpro/devkitarm/bin/../lib/gcc/arm-none-eabi/6.3.0/../../../../arm-none-eabi/lib\libg.a(lib_a-mlock.o)
                0x0200ef94                __malloc_lock
 .text.__malloc_unlock
                0x0200efac       0x18 c:/devkitpro/devkitarm/bin/../lib/gcc/arm-none-eabi/6.3.0/../../../../arm-none-eabi/lib\libg.a(lib_a-mlock.o)
                0x0200efac                __malloc_unlock
 .text.rand     0x0200efc4       0x4c c:/devkitpro/devkitarm/bin/../lib/gcc/arm-none-eabi/6.3.0/../../../../arm-none-eabi/lib\libg.a(lib_a-rand.o)
                0x0200efc4                rand
 .text.lflush   0x0200f010       0x28 c:/devkitpro/devkitarm/bin/../lib/gcc/arm-none-eabi/6.3.0/../../../../arm-none-eabi/lib\libg.a(lib_a-refill.o)
 .text.__srefill_r
                0x0200f038      0x1cc c:/devkitpro/devkitarm/bin/../lib/gcc/arm-none-eabi/6.3.0/../../../../arm-none-eabi/lib\libg.a(lib_a-refill.o)
                0x0200f038                __srefill_r
 .text.__sread  0x0200f204       0x4c c:/devkitpro/devkitarm/bin/../lib/gcc/arm-none-eabi/6.3.0/../../../../arm-none-eabi/lib\libg.a(lib_a-stdio.o)
                0x0200f204                __sread
 .text.__swrite
                0x0200f250       0x68 c:/devkitpro/devkitarm/bin/../lib/gcc/arm-none-eabi/6.3.0/../../../../arm-none-eabi/lib\libg.a(lib_a-stdio.o)
                0x0200f250                __swrite
 .text.__sseek  0x0200f2b8       0x54 c:/devkitpro/devkitarm/bin/../lib/gcc/arm-none-eabi/6.3.0/../../../../arm-none-eabi/lib\libg.a(lib_a-stdio.o)
                0x0200f2b8                __sseek
 .text.__sclose
                0x0200f30c       0x14 c:/devkitpro/devkitarm/bin/../lib/gcc/arm-none-eabi/6.3.0/../../../../arm-none-eabi/lib\libg.a(lib_a-stdio.o)
                0x0200f30c                __sclose
 .text.__sflags
                0x0200f320       0xb8 c:/devkitpro/devkitarm/bin/../lib/gcc/arm-none-eabi/6.3.0/../../../../arm-none-eabi/lib\libg.a(lib_a-flags.o)
                0x0200f320                __sflags
 .text._close_r
                0x0200f3d8       0x90 c:/devkitpro/devkitarm/bin/../lib/gcc/arm-none-eabi/6.3.0/../../../../arm-none-eabi/lib\libsysbase.a(close.o)
                0x0200f3d8                _close_r
 .text._fstat_r
                0x0200f468       0x80 c:/devkitpro/devkitarm/bin/../lib/gcc/arm-none-eabi/6.3.0/../../../../arm-none-eabi/lib\libsysbase.a(fstat.o)
                0x0200f468                _fstat_r
 .text._isatty_r
                0x0200f4e8        0x8 c:/devkitpro/devkitarm/bin/../lib/gcc/arm-none-eabi/6.3.0/../../../../arm-none-eabi/lib\libsysbase.a(isatty.o)
                0x0200f4e8                _isatty_r
 .text._lseek_r
                0x0200f4f0       0x94 c:/devkitpro/devkitarm/bin/../lib/gcc/arm-none-eabi/6.3.0/../../../../arm-none-eabi/lib\libsysbase.a(lseek.o)
                0x0200f4f0                _lseek_r
 .text._open_r  0x0200f584       0xc8 c:/devkitpro/devkitarm/bin/../lib/gcc/arm-none-eabi/6.3.0/../../../../arm-none-eabi/lib\libsysbase.a(open.o)
                0x0200f584                _open_r
 .text._read_r  0x0200f64c       0x8c c:/devkitpro/devkitarm/bin/../lib/gcc/arm-none-eabi/6.3.0/../../../../arm-none-eabi/lib\libsysbase.a(read.o)
                0x0200f64c                _read_r
 .text._sbrk_r  0x0200f6d8       0x70 c:/devkitpro/devkitarm/bin/../lib/gcc/arm-none-eabi/6.3.0/../../../../arm-none-eabi/lib\libsysbase.a(sbrk.o)
                0x0200f6d8                _sbrk_r
 .text._write_r
                0x0200f748       0x8c c:/devkitpro/devkitarm/bin/../lib/gcc/arm-none-eabi/6.3.0/../../../../arm-none-eabi/lib\libsysbase.a(write.o)
                0x0200f748                _write_r
 .text.build_argv
                0x0200f7d4       0x7c c:/devkitpro/devkitarm/bin/../lib/gcc/arm-none-eabi/6.3.0/../../../../arm-none-eabi/lib\libsysbase.a(build_argv.o)
                0x0200f7d4                build_argv
 .text.__flockfile
                0x0200f850       0x14 c:/devkitpro/devkitarm/bin/../lib/gcc/arm-none-eabi/6.3.0/../../../../arm-none-eabi/lib\libsysbase.a(flock.o)
                0x0200f850                __flockfile
 .text.__funlockfile
                0x0200f864       0x14 c:/devkitpro/devkitarm/bin/../lib/gcc/arm-none-eabi/6.3.0/../../../../arm-none-eabi/lib\libsysbase.a(flock.o)
                0x0200f864                __funlockfile
 .text.__libc_lock_acquire
                0x0200f878       0x18 c:/devkitpro/devkitarm/bin/../lib/gcc/arm-none-eabi/6.3.0/../../../../arm-none-eabi/lib\libsysbase.a(syscall_support.o)
                0x0200f878                __libc_lock_acquire
 .text.__libc_lock_release
                0x0200f890       0x18 c:/devkitpro/devkitarm/bin/../lib/gcc/arm-none-eabi/6.3.0/../../../../arm-none-eabi/lib\libsysbase.a(syscall_support.o)
                0x0200f890                __libc_lock_release
 .text.__libc_lock_init_recursive
                0x0200f8a8       0x18 c:/devkitpro/devkitarm/bin/../lib/gcc/arm-none-eabi/6.3.0/../../../../arm-none-eabi/lib\libsysbase.a(syscall_support.o)
                0x0200f8a8                __libc_lock_init_recursive
 .text.__libc_lock_acquire_recursive
                0x0200f8c0       0x18 c:/devkitpro/devkitarm/bin/../lib/gcc/arm-none-eabi/6.3.0/../../../../arm-none-eabi/lib\libsysbase.a(syscall_support.o)
                0x0200f8c0                __libc_lock_acquire_recursive
 .text.__libc_lock_release_recursive
                0x0200f8d8       0x18 c:/devkitpro/devkitarm/bin/../lib/gcc/arm-none-eabi/6.3.0/../../../../arm-none-eabi/lib\libsysbase.a(syscall_support.o)
                0x0200f8d8                __libc_lock_release_recursive
 .text.__libc_lock_close_recursive
                0x0200f8f0       0x18 c:/devkitpro/devkitarm/bin/../lib/gcc/arm-none-eabi/6.3.0/../../../../arm-none-eabi/lib\libsysbase.a(syscall_support.o)
                0x0200f8f0                __libc_lock_close_recursive
 .text.__free_handle
                0x0200f908       0x58 c:/devkitpro/devkitarm/bin/../lib/gcc/arm-none-eabi/6.3.0/../../../../arm-none-eabi/lib\libsysbase.a(handle_manager.o)
                0x0200f908                __free_handle
 .text.__release_handle
                0x0200f960       0x44 c:/devkitpro/devkitarm/bin/../lib/gcc/arm-none-eabi/6.3.0/../../../../arm-none-eabi/lib\libsysbase.a(handle_manager.o)
                0x0200f960                __release_handle
 .text.__alloc_handle
                0x0200f9a4       0xb8 c:/devkitpro/devkitarm/bin/../lib/gcc/arm-none-eabi/6.3.0/../../../../arm-none-eabi/lib\libsysbase.a(handle_manager.o)
                0x0200f9a4                __alloc_handle
 .text.__get_handle
                0x0200fa5c       0x18 c:/devkitpro/devkitarm/bin/../lib/gcc/arm-none-eabi/6.3.0/../../../../arm-none-eabi/lib\libsysbase.a(handle_manager.o)
                0x0200fa5c                __get_handle
 .text.__getreent
                0x0200fa74       0x24 c:/devkitpro/devkitarm/bin/../lib/gcc/arm-none-eabi/6.3.0/../../../../arm-none-eabi/lib\libsysbase.a(getreent.o)
                0x0200fa74                __getreent
 .text.null_write
                0x0200fa98        0x8 c:/devkitpro/devkitarm/bin/../lib/gcc/arm-none-eabi/6.3.0/../../../../arm-none-eabi/lib\libsysbase.a(iosupport.o)
 .text.FindDevice
                0x0200faa0       0xd8 c:/devkitpro/devkitarm/bin/../lib/gcc/arm-none-eabi/6.3.0/../../../../arm-none-eabi/lib\libsysbase.a(iosupport.o)
                0x0200faa0                FindDevice
 .text.__errno  0x0200fb78       0x10 c:/devkitpro/devkitarm/bin/../lib/gcc/arm-none-eabi/6.3.0/../../../../arm-none-eabi/lib\libg.a(lib_a-errno.o)
                0x0200fb78                __errno
 .text.__locale_ctype_ptr
                0x0200fb88       0x28 c:/devkitpro/devkitarm/bin/../lib/gcc/arm-none-eabi/6.3.0/../../../../arm-none-eabi/lib\libg.a(lib_a-locale.o)
                0x0200fb88                __locale_ctype_ptr
 .text.__utf8_mbtowc
                0x0200fbb0      0x30c c:/devkitpro/devkitarm/bin/../lib/gcc/arm-none-eabi/6.3.0/../../../../arm-none-eabi/lib\libg.a(lib_a-mbtowc_r.o)
                0x0200fbb0                __utf8_mbtowc
 .text.strchr   0x0200febc      0x1ac c:/devkitpro/devkitarm/bin/../lib/gcc/arm-none-eabi/6.3.0/../../../../arm-none-eabi/lib\libg.a(lib_a-strchr.o)
                0x0200febc                strchr
 .text.strlen   0x02010068       0x60 c:/devkitpro/devkitarm/bin/../lib/gcc/arm-none-eabi/6.3.0/../../../../arm-none-eabi/lib\libg.a(lib_a-strlen-stub.o)
                0x02010068                strlen
 .text.strncmp  0x020100c8      0x110 c:/devkitpro/devkitarm/bin/../lib/gcc/arm-none-eabi/6.3.0/../../../../arm-none-eabi/lib\libg.a(lib_a-strncmp.o)
                0x020100c8                strncmp
 .text.__utf8_wctomb
                0x020101d8       0xec c:/devkitpro/devkitarm/bin/../lib/gcc/arm-none-eabi/6.3.0/../../../../arm-none-eabi/lib\libg.a(lib_a-wctomb_r.o)
                0x020101d8                __utf8_wctomb
 *fill*         0x020102c4        0x4 ff
 .text.__utf8_wctomb.__stub
                0x020102c8       0x90 linker stubs
 *(EXCLUDE_FILE(*.twl*) .gnu.warning)
 *(EXCLUDE_FILE(*.twl*) .gnu.linkonce.t*)
 *(.glue_7)
 .glue_7        0x02010378        0x0 linker stubs
 *(.glue_7t)
 .glue_7t       0x02010378        0x0 linker stubs
                0x02010378                . = ALIGN (0x4)

.vfp11_veneer   0x02010378        0x0
 .vfp11_veneer  0x02010378        0x0 linker stubs

.v4_bx          0x02010378        0x0
 .v4_bx         0x02010378        0x0 linker stubs

.iplt           0x02010378        0x0
 .iplt          0x02010378        0x0 c:/devkitpro/devkitarm/bin/../lib/gcc/arm-none-eabi/6.3.0/../../../../arm-none-eabi/lib/ds_arm9_crt0.o

.fini           0x02010378       0x18
 *(.fini)
 .fini          0x02010378        0xc c:/devkitpro/devkitarm/bin/../lib/gcc/arm-none-eabi/6.3.0/crti.o
                0x02010378                _fini
 .fini          0x02010384        0xc c:/devkitpro/devkitarm/bin/../lib/gcc/arm-none-eabi/6.3.0/crtn.o
                0x02010390                __text_end = .

.rodata         0x02010390    0xea95c
 *(EXCLUDE_FILE(*.twl*) .rodata)
 .rodata        0x02010390    0x46984 soundbank.bin.o
                0x02010390                soundbank_bin
                0x02056d10                soundbank_bin_size
                0x02056d10                soundbank_bin_end
 .rodata        0x02056d14    0x18000 background.o
                0x02056d14                backgroundBitmap
 .rodata        0x0206ed14       0xa0 bird1.o
                0x0206ed14                bird1Bitmap
 .rodata        0x0206edb4       0xa0 bird2.o
                0x0206edb4                bird2Bitmap
 .rodata        0x0206ee54       0xa0 bird3.o
                0x0206ee54                bird3Bitmap
 .rodata        0x0206eef4       0xc8 bird4.o
                0x0206eef4                bird4Bitmap
 .rodata        0x0206efbc     0x1420 cage1.o
                0x0206efbc                cage1Bitmap
 .rodata        0x020703dc     0x1420 cage2.o
                0x020703dc                cage2Bitmap
 .rodata        0x020717fc     0x1420 cage3.o
                0x020717fc                cage3Bitmap
 .rodata        0x02072c1c     0x1420 cage4.o
                0x02072c1c                cage4Bitmap
 .rodata        0x0207403c     0x1420 cage5.o
                0x0207403c                cage5Bitmap
 .rodata        0x0207545c       0x60 coco1.o
                0x0207545c                coco1Bitmap
 .rodata        0x020754bc       0xd8 coco2.o
                0x020754bc                coco2Bitmap
 .rodata        0x02075594    0x18000 controls.o
                0x02075594                controlsBitmap
 .rodata        0x0208d594       0x80 croc1.o
                0x0208d594                croc1Bitmap
 .rodata        0x0208d614       0xc8 croc2.o
                0x0208d614                croc2Bitmap
 .rodata        0x0208d6dc       0x78 croc3.o
                0x0208d6dc                croc3Bitmap
 .rodata        0x0208d754       0x80 croc4.o
                0x0208d754                croc4Bitmap
 .rodata        0x0208d7d4       0xc8 croc5.o
                0x0208d7d4                croc5Bitmap
 .rodata        0x0208d89c      0x3f0 foul1.o
                0x0208d89c                foul1Bitmap
 .rodata        0x0208dc8c      0x188 foul2.o
                0x0208dc8c                foul2Bitmap
 .rodata        0x0208de14     0x2328 gameover.o
                0x0208de14                gameoverBitmap
 .rodata        0x0209013c    0x18000 history.o
                0x0209013c                historyBitmap
 .rodata        0x020a813c    0x18000 intro.o
                0x020a813c                introBitmap
 .rodata        0x020c013c      0x360 jump1.o
                0x020c013c                jump1Bitmap
 .rodata        0x020c049c      0x320 jump2.o
                0x020c049c                jump2Bitmap
 .rodata        0x020c07bc      0x4e0 jump3.o
                0x020c07bc                jump3Bitmap
 .rodata        0x020c0c9c      0x370 jump4.o
                0x020c0c9c                jump4Bitmap
 .rodata        0x020c100c      0x230 jump5.o
                0x020c100c                jump5Bitmap
 .rodata        0x020c123c      0x320 junior1.o
                0x020c123c                junior1Bitmap
 .rodata        0x020c155c      0x2d0 junior10.o
                0x020c155c                junior10Bitmap
 .rodata        0x020c182c      0x320 junior12.o
                0x020c182c                junior12Bitmap
 .rodata        0x020c1b4c      0x3c0 junior13.o
                0x020c1b4c                junior13Bitmap
 .rodata        0x020c1f0c      0x3c0 junior15.o
                0x020c1f0c                junior15Bitmap
 .rodata        0x020c22cc      0x3c0 junior18.o
                0x020c22cc                junior18Bitmap
 .rodata        0x020c268c      0x370 junior19.o
                0x020c268c                junior19Bitmap
 .rodata        0x020c29fc      0x320 junior2.o
                0x020c29fc                junior2Bitmap
 .rodata        0x020c2d1c      0x3f0 junior20.o
                0x020c2d1c                junior20Bitmap
 .rodata        0x020c310c      0x370 junior3.o
                0x020c310c                junior3Bitmap
 .rodata        0x020c347c      0x3c0 junior4.o
                0x020c347c                junior4Bitmap
 .rodata        0x020c383c      0x288 junior8.o
                0x020c383c                junior8Bitmap
 .rodata        0x020c3ac4      0x498 key1.o
                0x020c3ac4                key1Bitmap
 .rodata        0x020c3f5c      0x498 key2.o
                0x020c3f5c                key2Bitmap
 .rodata        0x020c43f4      0x498 key3.o
                0x020c43f4                key3Bitmap
 .rodata        0x020c488c      0x498 key4.o
                0x020c488c                key4Bitmap
 .rodata        0x020c4d24    0x18000 original.o
                0x020c4d24                originalBitmap
 .rodata        0x020dcd24       0xa0 rsbird1.o
                0x020dcd24                rsbird1Bitmap
 .rodata        0x020dcdc4       0xa0 rsbird2.o
                0x020dcdc4                rsbird2Bitmap
 .rodata        0x020dce64       0xa0 rsbird3.o
                0x020dce64                rsbird3Bitmap
 .rodata        0x020dcf04       0xc8 rsbird4.o
                0x020dcf04                rsbird4Bitmap
 .rodata        0x020dcfcc       0x60 rscoco1.o
                0x020dcfcc                rscoco1Bitmap
 .rodata        0x020dd02c       0xd8 rscoco2.o
                0x020dd02c                rscoco2Bitmap
 .rodata        0x020dd104       0x80 rscroc1.o
                0x020dd104                rscroc1Bitmap
 .rodata        0x020dd184       0xc8 rscroc2.o
                0x020dd184                rscroc2Bitmap
 .rodata        0x020dd24c       0x78 rscroc3.o
                0x020dd24c                rscroc3Bitmap
 .rodata        0x020dd2c4       0x80 rscroc4.o
                0x020dd2c4                rscroc4Bitmap
 .rodata        0x020dd344       0xc8 rscroc5.o
                0x020dd344                rscroc5Bitmap
 .rodata        0x020dd40c      0x360 rsjump1.o
                0x020dd40c                rsjump1Bitmap
 .rodata        0x020dd76c      0x320 rsjump2.o
                0x020dd76c                rsjump2Bitmap
 .rodata        0x020dda8c      0x4e0 rsjump3.o
                0x020dda8c                rsjump3Bitmap
 .rodata        0x020ddf6c      0x370 rsjump4.o
                0x020ddf6c                rsjump4Bitmap
 .rodata        0x020de2dc      0x230 rsjump5.o
                0x020de2dc                rsjump5Bitmap
 .rodata        0x020de50c      0x320 rsjunior1.o
                0x020de50c                rsjunior1Bitmap
 .rodata        0x020de82c      0x2d0 rsjunior10.o
                0x020de82c                rsjunior10Bitmap
 .rodata        0x020deafc      0x320 rsjunior12.o
                0x020deafc                rsjunior12Bitmap
 .rodata        0x020dee1c      0x3c0 rsjunior13.o
                0x020dee1c                rsjunior13Bitmap
 .rodata        0x020df1dc      0x3c0 rsjunior15.o
                0x020df1dc                rsjunior15Bitmap
 .rodata        0x020df59c      0x3c0 rsjunior18.o
                0x020df59c                rsjunior18Bitmap
 .rodata        0x020df95c      0x370 rsjunior19.o
                0x020df95c                rsjunior19Bitmap
 .rodata        0x020dfccc      0x320 rsjunior2.o
                0x020dfccc                rsjunior2Bitmap
 .rodata        0x020dffec      0x3f0 rsjunior20.o
                0x020dffec                rsjunior20Bitmap
 .rodata        0x020e03dc      0x370 rsjunior3.o
                0x020e03dc                rsjunior3Bitmap
 .rodata        0x020e074c      0x3c0 rsjunior4.o
                0x020e074c                rsjunior4Bitmap
 .rodata        0x020e0b0c      0x288 rsjunior8.o
                0x020e0b0c                rsjunior8Bitmap
 .rodata        0x020e0d94      0x498 rskey.o
                0x020e0d94                rskeyBitmap
 .rodata        0x020e122c      0x280 score0.o
                0x020e122c                scoreBitmap
 .rodata        0x020e14ac      0x280 score1.o
                0x020e14ac                score1Bitmap
 .rodata        0x020e172c      0x280 score2.o
                0x020e172c                score2Bitmap
 .rodata        0x020e19ac      0x280 score3.o
                0x020e19ac                score3Bitmap
 .rodata        0x020e1c2c      0x280 score4.o
                0x020e1c2c                score4Bitmap
 .rodata        0x020e1eac      0x280 score5.o
                0x020e1eac                score5Bitmap
 .rodata        0x020e212c      0x280 score6.o
                0x020e212c                score6Bitmap
 .rodata        0x020e23ac      0x280 score7.o
                0x020e23ac                score7Bitmap
 .rodata        0x020e262c      0x280 score8.o
                0x020e262c                score8Bitmap
 .rodata        0x020e28ac      0x280 score9.o
                0x020e28ac                score9Bitmap
 .rodata        0x020e2b2c    0x18000 select.o
                0x020e2b2c                selectBitmap
 *all.rodata*(*)
 *(EXCLUDE_FILE(*.twl*) .roda)
 *(EXCLUDE_FILE(*.twl*) .rodata.*)
 .rodata._global_impure_ptr
                0x020fab2c        0x4 c:/devkitpro/devkitarm/bin/../lib/gcc/arm-none-eabi/6.3.0/../../../../arm-none-eabi/lib\libg.a(lib_a-impure.o)
                0x020fab2c                _global_impure_ptr
 .rodata.AddDevice.str1.4
                0x020fab30        0x8 c:/devkitpro/devkitarm/bin/../lib/gcc/arm-none-eabi/6.3.0/../../../../arm-none-eabi/lib\libsysbase.a(iosupport.o)
 .rodata.dotab_stdnull
                0x020fab38       0x68 c:/devkitpro/devkitarm/bin/../lib/gcc/arm-none-eabi/6.3.0/../../../../arm-none-eabi/lib\libsysbase.a(iosupport.o)
                0x020fab38                dotab_stdnull
 .rodata.str1.4
                0x020faba0       0x48 c:/devkitpro/devkitarm/bin/../lib/gcc/arm-none-eabi/6.3.0/../../../../arm-none-eabi/lib\libg.a(lib_a-locale.o)
                                 0x4c (size before relaxing)
 .rodata._ctype_
                0x020fabe8      0x101 c:/devkitpro/devkitarm/bin/../lib/gcc/arm-none-eabi/6.3.0/../../../../arm-none-eabi/lib\libg.a(lib_a-ctype_.o)
                0x020fabe8                _ctype_
 *(EXCLUDE_FILE(*.twl*) .gnu.linkonce.r*)
                0x020facec                . = ALIGN (0x4)
 *fill*         0x020face9        0x3 ff

.ARM.extab
 *(.ARM.extab* .gnu.linkonce.armextab.*)
                0x020facec                __exidx_start = .

ARM.exidx
 *(.ARM.exidx* .gnu.linkonce.armexidx.*)
                0x020facec                __exidx_end = .
                0x020facec                . = ALIGN (0x4)
                0x020facec                PROVIDE (__preinit_array_start, .)

.preinit_array
 *(.preinit_array)
                0x020facec                PROVIDE (__preinit_array_end, .)
                0x020facec                PROVIDE (__init_array_start, .)

.init_array     0x020facec        0x4
 *(SORT(.init_array.*))
 *(.init_array)
 .init_array    0x020facec        0x4 c:/devkitpro/devkitarm/bin/../lib/gcc/arm-none-eabi/6.3.0/crtbegin.o
                0x020facf0                PROVIDE (__init_array_end, .)
                [!provide]                PROVIDE (__fini_array_start, .)

.fini_array     0x020facf0        0x4
 *(.fini_array)
 .fini_array    0x020facf0        0x4 c:/devkitpro/devkitarm/bin/../lib/gcc/arm-none-eabi/6.3.0/crtbegin.o
 *(SORT(.fini_array.*))
                [!provide]                PROVIDE (__fini_array_end, .)

.ctors          0x020facf4        0x0
 *crtbegin.o(.ctors)
 *(EXCLUDE_FILE(*crtend.o) .ctors)
 *(SORT(.ctors.*))
 *(.ctors)
                0x020facf4                . = ALIGN (0x4)

.dtors          0x020facf4        0x0
 *crtbegin.o(.dtors)
 *(EXCLUDE_FILE(*crtend.o) .dtors)
 *(SORT(.dtors.*))
 *(.dtors)
                0x020facf4                . = ALIGN (0x4)

.eh_frame       0x020facf4        0x4
 *(.eh_frame)
 .eh_frame      0x020facf4        0x0 c:/devkitpro/devkitarm/bin/../lib/gcc/arm-none-eabi/6.3.0/crtbegin.o
 .eh_frame      0x020facf4        0x4 c:/devkitpro/devkitarm/bin/../lib/gcc/arm-none-eabi/6.3.0/crtend.o
                0x020facf8                . = ALIGN (0x4)

.rel.dyn        0x020facf8        0x0
 .rel.iplt      0x020facf8        0x0 c:/devkitpro/devkitarm/bin/../lib/gcc/arm-none-eabi/6.3.0/../../../../arm-none-eabi/lib/ds_arm9_crt0.o

.gcc_except_table
                0x020facf8        0x0
 *(.gcc_except_table)
                0x020facf8                . = ALIGN (0x4)

.jcr            0x020facf8        0x4
 *(.jcr)
 .jcr           0x020facf8        0x0 c:/devkitpro/devkitarm/bin/../lib/gcc/arm-none-eabi/6.3.0/crtbegin.o
 .jcr           0x020facf8        0x4 c:/devkitpro/devkitarm/bin/../lib/gcc/arm-none-eabi/6.3.0/crtend.o

.got
 *(.got.plt)
 *(.got)
 *(.rel.got)

.ewram          0x020facfc        0x0
                0x020facfc                __ewram_start = ABSOLUTE (.)
 *(.ewram)
 *ewram.*(.text)
                0x020facfc                . = ALIGN (0x4)

.data           0x020facfc     0x2268
                0x020facfc                __data_start = ABSOLUTE (.)
 *(EXCLUDE_FILE(*.twl*) .data)
 .data          0x020facfc      0x7bc main.o
                0x020facfc                jr_pos_map
                0x020faf48                img_junior1
                0x020faf54                img_junior2
                0x020faf60                img_junior3
                0x020faf6c                img_junior4
                0x020faf78                img_junior8
                0x020faf84                img_junior10
                0x020faf90                img_junior12
                0x020faf9c                img_junior13
                0x020fafa8                img_junior15
                0x020fafb4                img_junior18
                0x020fafc0                img_junior19
                0x020fafcc                img_junior20
                0x020fafd8                img_rsjunior1
                0x020fafe4                img_rsjunior2
                0x020faff0                img_rsjunior3
                0x020faffc                img_rsjunior4
                0x020fb008                img_rsjunior8
                0x020fb014                img_rsjunior10
                0x020fb020                img_rsjunior12
                0x020fb02c                img_rsjunior13
                0x020fb038                img_rsjunior15
                0x020fb044                img_rsjunior18
                0x020fb050                img_rsjunior19
                0x020fb05c                img_rsjunior20
                0x020fb068                img_score0
                0x020fb074                img_score1
                0x020fb080                img_score2
                0x020fb08c                img_score3
                0x020fb098                img_score4
                0x020fb0a4                img_score5
                0x020fb0b0                img_score6
                0x020fb0bc                img_score7
                0x020fb0c8                img_score8
                0x020fb0d4                img_score9
                0x020fb0e0                cage_pos_map
                0x020fb108                img_cage1
                0x020fb114                coco_pos_map
                0x020fb134                img_coco1
                0x020fb140                key_pos_map
                0x020fb178                img_key1
                0x020fb184                jump_pos_map
                0x020fb1ac                img_jump1
                0x020fb1b8                img_rskey
                0x020fb1c4                img_rsjump1
                0x020fb1d0                img_jump2
                0x020fb1dc                img_cage2
                0x020fb1e8                img_cage3
                0x020fb1f4                img_cage4
                0x020fb200                img_cage5
                0x020fb20c                img_rsjump2
                0x020fb218                img_jump3
                0x020fb224                img_rsjump3
                0x020fb230                img_jump4
                0x020fb23c                img_rsjump4
                0x020fb248                img_jump5
                0x020fb254                img_rsjump5
                0x020fb260                foul_pos_map
                0x020fb278                img_foul1
                0x020fb284                img_foul2
                0x020fb290                img_gameover
                0x020fb29c                croc_pos_map
                0x020fb338                img_rscroc5
                0x020fb344                img_rscroc4
                0x020fb350                bird_pos_map
                0x020fb3b0                img_rsbird1
                0x020fb3bc                img_rsbird2
                0x020fb3c8                img_rscoco1
                0x020fb3d4                img_coco2
                0x020fb3e0                img_rscroc2
                0x020fb3ec                img_rscoco2
                0x020fb3f8                img_rsbird3
                0x020fb404                img_bird1
                0x020fb410                img_rsbird4
                0x020fb41c                img_bird2
                0x020fb428                img_bird3
                0x020fb434                img_bird4
                0x020fb440                img_croc2
                0x020fb44c                img_croc1
                0x020fb458                img_rscroc1
                0x020fb464                img_croc3
                0x020fb470                img_rscroc3
                0x020fb47c                img_croc5
                0x020fb488                img_croc4
                0x020fb494                img_key2
                0x020fb4a0                img_key3
                0x020fb4ac                img_key4
 .data          0x020fb4b8       0x28 c:/devkitPro/libnds/lib\libnds9.a(mpu_setup.o)
 *(EXCLUDE_FILE(*.twl*) .data.*)
 .data.count    0x020fb4e0        0x1 c:/devkitPro/libnds/lib\libnds9.a(keys.o)
 .data.delay    0x020fb4e1        0x1 c:/devkitPro/libnds/lib\libnds9.a(keys.o)
 .data.repeat   0x020fb4e2        0x1 c:/devkitPro/libnds/lib\libnds9.a(keys.o)
 *fill*         0x020fb4e3        0x1 ff
 .data.fifo_buffer_free
                0x020fb4e4        0x4 c:/devkitPro/libnds/lib\libnds9.a(fifosystem.o)
                0x020fb4e4                fifo_buffer_free
 .data.fifo_freewords
                0x020fb4e8        0x4 c:/devkitPro/libnds/lib\libnds9.a(fifosystem.o)
                0x020fb4e8                fifo_freewords
 .data.fifo_receive_queue
                0x020fb4ec        0x4 c:/devkitPro/libnds/lib\libnds9.a(fifosystem.o)
                0x020fb4ec                fifo_receive_queue
 .data.fifo_send_queue
                0x020fb4f0        0x4 c:/devkitPro/libnds/lib\libnds9.a(fifosystem.o)
                0x020fb4f0                fifo_send_queue
 .data.__sfp_lock
                0x020fb4f4        0xc c:/devkitpro/devkitarm/bin/../lib/gcc/arm-none-eabi/6.3.0/../../../../arm-none-eabi/lib\libg.a(lib_a-findfp.o)
 .data.__sinit_lock
                0x020fb500        0xc c:/devkitpro/devkitarm/bin/../lib/gcc/arm-none-eabi/6.3.0/../../../../arm-none-eabi/lib\libg.a(lib_a-findfp.o)
 .data._impure_ptr
                0x020fb50c        0x4 c:/devkitpro/devkitarm/bin/../lib/gcc/arm-none-eabi/6.3.0/../../../../arm-none-eabi/lib\libg.a(lib_a-impure.o)
                0x020fb50c                _impure_ptr
 *fill*         0x020fb510        0x0 ff
 .data.impure_data
                0x020fb510      0x460 c:/devkitpro/devkitarm/bin/../lib/gcc/arm-none-eabi/6.3.0/../../../../arm-none-eabi/lib\libg.a(lib_a-impure.o)
 .data.__malloc_av_
                0x020fb970      0x408 c:/devkitpro/devkitarm/bin/../lib/gcc/arm-none-eabi/6.3.0/../../../../arm-none-eabi/lib\libg.a(lib_a-mallocr.o)
                0x020fb970                __malloc_av_
 .data.__malloc_sbrk_base
                0x020fbd78        0x4 c:/devkitpro/devkitarm/bin/../lib/gcc/arm-none-eabi/6.3.0/../../../../arm-none-eabi/lib\libg.a(lib_a-mallocr.o)
                0x020fbd78                __malloc_sbrk_base
 .data.__malloc_trim_threshold
                0x020fbd7c        0x4 c:/devkitpro/devkitarm/bin/../lib/gcc/arm-none-eabi/6.3.0/../../../../arm-none-eabi/lib\libg.a(lib_a-mallocr.o)
                0x020fbd7c                __malloc_trim_threshold
 .data.__malloc_lock_object
                0x020fbd80        0xc c:/devkitpro/devkitarm/bin/../lib/gcc/arm-none-eabi/6.3.0/../../../../arm-none-eabi/lib\libg.a(lib_a-mlock.o)
 .data.__hndl_lock
                0x020fbd8c        0x4 c:/devkitpro/devkitarm/bin/../lib/gcc/arm-none-eabi/6.3.0/../../../../arm-none-eabi/lib\libsysbase.a(handle_manager.o)
 .data.__stderr_handle
                0x020fbd90        0xc c:/devkitpro/devkitarm/bin/../lib/gcc/arm-none-eabi/6.3.0/../../../../arm-none-eabi/lib\libsysbase.a(handle_manager.o)
 .data.__stdin_handle
                0x020fbd9c        0xc c:/devkitpro/devkitarm/bin/../lib/gcc/arm-none-eabi/6.3.0/../../../../arm-none-eabi/lib\libsysbase.a(handle_manager.o)
 .data.__stdout_handle
                0x020fbda8        0xc c:/devkitpro/devkitarm/bin/../lib/gcc/arm-none-eabi/6.3.0/../../../../arm-none-eabi/lib\libsysbase.a(handle_manager.o)
 .data.handles  0x020fbdb4     0x1000 c:/devkitpro/devkitarm/bin/../lib/gcc/arm-none-eabi/6.3.0/../../../../arm-none-eabi/lib\libsysbase.a(handle_manager.o)
 .data.defaultDevice
                0x020fcdb4        0x4 c:/devkitpro/devkitarm/bin/../lib/gcc/arm-none-eabi/6.3.0/../../../../arm-none-eabi/lib\libsysbase.a(iosupport.o)
 .data.devoptab_list
                0x020fcdb8       0x40 c:/devkitpro/devkitarm/bin/../lib/gcc/arm-none-eabi/6.3.0/../../../../arm-none-eabi/lib\libsysbase.a(iosupport.o)
                0x020fcdb8                devoptab_list
 .data.__global_locale
                0x020fcdf8      0x16c c:/devkitpro/devkitarm/bin/../lib/gcc/arm-none-eabi/6.3.0/../../../../arm-none-eabi/lib\libg.a(lib_a-locale.o)
                0x020fcdf8                __global_locale
 *(EXCLUDE_FILE(*.twl*) .gnu.linkonce.d*)
                0x020fcf64                . = ALIGN (0x4)
                0x020fcf64                __data_end = ABSOLUTE (.)
                0x020fcf64                __bss_vma = .

.igot.plt       0x020fcf64        0x0
 .igot.plt      0x020fcf64        0x0 c:/devkitpro/devkitarm/bin/../lib/gcc/arm-none-eabi/6.3.0/../../../../arm-none-eabi/lib/ds_arm9_crt0.o

.tm_clone_table
                0x020fcf64        0x0
 .tm_clone_table
                0x020fcf64        0x0 c:/devkitpro/devkitarm/bin/../lib/gcc/arm-none-eabi/6.3.0/crtbegin.o
 .tm_clone_table
                0x020fcf64        0x0 c:/devkitpro/devkitarm/bin/../lib/gcc/arm-none-eabi/6.3.0/crtend.o

.dtcm           0x0b000000        0x0 load address 0x020fcf64
                0x020fcf64                __dtcm_lma = LOADADDR (.dtcm)
                0x0b000000                __dtcm_start = ABSOLUTE (.)
 *(.dtcm)
 *(.dtcm.*)
                0x0b000000                . = ALIGN (0x4)
                0x0b000000                __dtcm_end = ABSOLUTE (.)

.itcm           0x01000100      0x194 load address 0x020fcf64
                0x020fcf64                __itcm_lma = LOADADDR (.itcm)
                0x01000100                __itcm_start = ABSOLUTE (.)
 *(.itcm)
 .itcm          0x01000100       0xc8 c:/devkitPro/libnds/lib\libnds9.a(interrupts.o)
                0x01000100                irqTable
 .itcm          0x010001c8       0xcc c:/devkitPro/libnds/lib\libnds9.a(interruptDispatcher.o)
                0x010001c8                IntrMain
 *.itcm*(.text .stub .text.*)
                0x01000294                . = ALIGN (0x4)
                0x01000294                __itcm_end = ABSOLUTE (.)

.vectors        0x01000000        0x0 load address 0x020fd0f8
                0x020fd0f8                __vectors_lma = LOADADDR (.vectors)
                0x01000000                __vectors_start = ABSOLUTE (.)
 *(.vectors)
 *.vectors*(.text .stub .text.*)
                0x01000000                . = ALIGN (0x4)
                0x01000000                __vectors_end = ABSOLUTE (.)

.sbss           0x0b000000        0x0
                0x0b000000                __sbss_start = ABSOLUTE (.)
                0x0b000000                __sbss_start__ = ABSOLUTE (.)
 *(.sbss)
                0x0b000000                . = ALIGN (0x4)
                0x0b000000                __sbss_end = ABSOLUTE (.)

.bss            0x020fcf64      0xc08
                0x020fcf64                __bss_start = ABSOLUTE (.)
                0x020fcf64                __bss_start__ = ABSOLUTE (.)
 *(EXCLUDE_FILE(*.twl*) .dynbss)
 *(EXCLUDE_FILE(*.twl*) .gnu.linkonce.b*)
 *(EXCLUDE_FILE(*.twl*) .bss*)
 .bss.completed.6497
                0x020fcf64        0x1 c:/devkitpro/devkitarm/bin/../lib/gcc/arm-none-eabi/6.3.0/crtbegin.o
 *fill*         0x020fcf65        0x3 
 .bss.object.6502
                0x020fcf68       0x18 c:/devkitpro/devkitarm/bin/../lib/gcc/arm-none-eabi/6.3.0/crtbegin.o
 .bss           0x020fcf80       0xa0 main.o
                0x020fcf80                bird
                0x020fcfc0                croc
 .bss           0x020fd020       0x19 c:/devkitPro/libnds/lib\libmm9.a(mm_main9.o)
                0x020fd020                mmcbMemory
                0x020fd024                mmModuleCount
                0x020fd028                mmSampleCount
                0x020fd02c                mmMemoryBank
                0x020fd02c                mmModuleBank
                0x020fd030                mmSampleBank
                0x020fd034                mmCallback
                0x020fd038                mmActiveStatus
 *fill*         0x020fd039        0x3 
 .bss           0x020fd03c       0x18 c:/devkitPro/libnds/lib\libmm9.a(mm_comms.o)
 .bss           0x020fd054       0x44 c:/devkitPro/libnds/lib\libmm9.a(mm_soundbank.o)
 .bss.SDcallback
                0x020fd098        0x4 c:/devkitPro/libnds/lib\libnds9.a(system.o)
 .bss.keys      0x020fd09c        0x2 c:/devkitPro/libnds/lib\libnds9.a(keys.o)
 .bss.keysold   0x020fd09e        0x2 c:/devkitPro/libnds/lib\libnds9.a(keys.o)
 .bss.keysrepeat
                0x020fd0a0        0x2 c:/devkitPro/libnds/lib\libnds9.a(keys.o)
 *fill*         0x020fd0a2        0x2 
 .bss.__timeout
                0x020fd0a4        0x4 c:/devkitPro/libnds/lib\libnds9.a(fifosystem.o)
 .bss.processing
                0x020fd0a8        0x4 c:/devkitPro/libnds/lib\libnds9.a(fifosystem.o)
                0x020fd0a8                processing
 .bss.__malloc_current_mallinfo
                0x020fd0ac       0x28 c:/devkitpro/devkitarm/bin/../lib/gcc/arm-none-eabi/6.3.0/../../../../arm-none-eabi/lib\libg.a(lib_a-mallocr.o)
                0x020fd0ac                __malloc_current_mallinfo
 .bss.__malloc_max_sbrked_mem
                0x020fd0d4        0x4 c:/devkitpro/devkitarm/bin/../lib/gcc/arm-none-eabi/6.3.0/../../../../arm-none-eabi/lib\libg.a(lib_a-mallocr.o)
                0x020fd0d4                __malloc_max_sbrked_mem
 .bss.__malloc_max_total_mem
                0x020fd0d8        0x4 c:/devkitpro/devkitarm/bin/../lib/gcc/arm-none-eabi/6.3.0/../../../../arm-none-eabi/lib\libg.a(lib_a-mallocr.o)
                0x020fd0d8                __malloc_max_total_mem
 .bss.__malloc_top_pad
                0x020fd0dc        0x4 c:/devkitpro/devkitarm/bin/../lib/gcc/arm-none-eabi/6.3.0/../../../../arm-none-eabi/lib\libg.a(lib_a-mallocr.o)
                0x020fd0dc                __malloc_top_pad
 .bss.heap_start.5804
                0x020fd0e0        0x4 c:/devkitpro/devkitarm/bin/../lib/gcc/arm-none-eabi/6.3.0/../../../../arm-none-eabi/lib\libsysbase.a(sbrk.o)
 .bss.fake_heap_end
                0x020fd0e4        0x4 c:/devkitpro/devkitarm/bin/../lib/gcc/arm-none-eabi/6.3.0/../../../../arm-none-eabi/lib\libsysbase.a(malloc_vars.o)
                0x020fd0e4                fake_heap_end
 .bss.fake_heap_start
                0x020fd0e8        0x4 c:/devkitpro/devkitarm/bin/../lib/gcc/arm-none-eabi/6.3.0/../../../../arm-none-eabi/lib\libsysbase.a(malloc_vars.o)
                0x020fd0e8                fake_heap_start
 .bss.__syscalls
                0x020fd0ec       0x38 c:/devkitpro/devkitarm/bin/../lib/gcc/arm-none-eabi/6.3.0/../../../../arm-none-eabi/lib\libsysbase.a(syscall_support.o)
                0x020fd0ec                __syscalls
 *(EXCLUDE_FILE(*.twl*) COMMON)
 COMMON         0x020fd124        0x1 c:/devkitPro/libnds/lib\libnds9.a(initSystem.o)
                0x020fd124                __dsimode
 *fill*         0x020fd125        0x3 
 COMMON         0x020fd128        0x4 c:/devkitPro/libnds/lib\libnds9.a(timeSupport.o)
                0x020fd128                punixTime
 COMMON         0x020fd12c      0xa40 c:/devkitPro/libnds/lib\libnds9.a(fifosystem.o)
                0x020fd12c                fifo_datamsg_data
                0x020fd16c                fifo_buffer
                0x020fd96c                fifo_value32_func
                0x020fd9ac                fifo_address_func
                0x020fd9ec                fifo_value32_data
                0x020fda2c                fifo_value32_queue
                0x020fda6c                fifo_data_queue
                0x020fdaac                fifo_address_data
                0x020fdaec                fifo_datamsg_func
                0x020fdb2c                fifo_address_queue
                0x020fdb6c                . = ALIGN (0x4)
                0x020fdb6c                __bss_end__ = ABSOLUTE (.)
                0x020fdb6c                __end__ = ABSOLUTE (.)

.twl            0x020fdb6c        0x0 load address 0x02400000
                0x02400000                __arm9i_lma__ = LOADADDR (.twl)
                0x020fdb6c                __arm9i_start__ = ABSOLUTE (.)
 *(.twl)
 *.twl*(.text .stub .text.* .gnu.linkonce.t.*)
 *.twl*(.rodata)
 *.twl*(.roda)
 *.twl*(.rodata.*)
 *.twl*(.data)
 *.twl*(.data.*)
 *.twl*(.gnu.linkonce.d*)
                0x020fdb6c                __arm9i_end__ = ABSOLUTE (.)

.twl_bss        0x020fdb6c        0x0
                0x020fdb6c                __twl_bss_start__ = ABSOLUTE (.)
 *(.twl_bss)
 *.twl*(.dynbss)
 *.twl*(.gnu.linkonce.b*)
 *.twl*(.bss*)
 *.twl*(COMMON)
                0x020fdb6c                . = ALIGN (0x4)
                0x020fdb6c                __twl_bss_end__ = ABSOLUTE (.)
                0x020fdb6c                __twl_end__ = ABSOLUTE (.)

.stab
 *(.stab)

.stabstr
 *(.stabstr)

.stab.excl
 *(.stab.excl)

.stab.exclstr
 *(.stab.exclstr)

.stab.index
 *(.stab.index)

.stab.indexstr
 *(.stab.indexstr)

.comment        0x00000000       0x22
 *(.comment)
 .comment       0x00000000       0x22 c:/devkitpro/devkitarm/bin/../lib/gcc/arm-none-eabi/6.3.0/crtbegin.o
                                 0x23 (size before relaxing)
 .comment       0x00000022       0x23 main.o
 .comment       0x00000022       0x23 c:/devkitPro/libnds/lib\libnds9.a(video.o)
 .comment       0x00000022       0x23 c:/devkitPro/libnds/lib\libnds9.a(touch.o)
 .comment       0x00000022       0x23 c:/devkitPro/libnds/lib\libnds9.a(system.o)
 .comment       0x00000022       0x23 c:/devkitPro/libnds/lib\libnds9.a(keys.o)
 .comment       0x00000022       0x23 c:/devkitPro/libnds/lib\libnds9.a(initSystem.o)
 .comment       0x00000022       0x23 c:/devkitPro/libnds/lib\libnds9.a(timeSupport.o)
 .comment       0x00000022       0x23 c:/devkitPro/libnds/lib\libnds9.a(securearea.o)
 .comment       0x00000022       0x23 c:/devkitPro/libnds/lib\libnds9.a(interrupts.o)
 .comment       0x00000022       0x23 c:/devkitPro/libnds/lib\libnds9.a(libnds_exit.arm.o)
 .comment       0x00000022       0x23 c:/devkitPro/libnds/lib\libnds9.a(fifosystem.o)
 .comment       0x00000022       0x23 c:/devkitpro/devkitarm/bin/../lib/gcc/arm-none-eabi/6.3.0/../../../../arm-none-eabi/lib\libg.a(lib_a-fclose.o)
 .comment       0x00000022       0x23 c:/devkitpro/devkitarm/bin/../lib/gcc/arm-none-eabi/6.3.0/../../../../arm-none-eabi/lib\libg.a(lib_a-fflush.o)
 .comment       0x00000022       0x23 c:/devkitpro/devkitarm/bin/../lib/gcc/arm-none-eabi/6.3.0/../../../../arm-none-eabi/lib\libg.a(lib_a-findfp.o)
 .comment       0x00000022       0x23 c:/devkitpro/devkitarm/bin/../lib/gcc/arm-none-eabi/6.3.0/../../../../arm-none-eabi/lib\libg.a(lib_a-fopen.o)
 .comment       0x00000022       0x23 c:/devkitpro/devkitarm/bin/../lib/gcc/arm-none-eabi/6.3.0/../../../../arm-none-eabi/lib\libg.a(lib_a-fread.o)
 .comment       0x00000022       0x23 c:/devkitpro/devkitarm/bin/../lib/gcc/arm-none-eabi/6.3.0/../../../../arm-none-eabi/lib\libg.a(lib_a-freer.o)
 .comment       0x00000022       0x23 c:/devkitpro/devkitarm/bin/../lib/gcc/arm-none-eabi/6.3.0/../../../../arm-none-eabi/lib\libg.a(lib_a-fseek.o)
 .comment       0x00000022       0x23 c:/devkitpro/devkitarm/bin/../lib/gcc/arm-none-eabi/6.3.0/../../../../arm-none-eabi/lib\libg.a(lib_a-fseeko.o)
 .comment       0x00000022       0x23 c:/devkitpro/devkitarm/bin/../lib/gcc/arm-none-eabi/6.3.0/../../../../arm-none-eabi/lib\libg.a(lib_a-fwalk.o)
 .comment       0x00000022       0x23 c:/devkitpro/devkitarm/bin/../lib/gcc/arm-none-eabi/6.3.0/../../../../arm-none-eabi/lib\libg.a(lib_a-impure.o)
 .comment       0x00000022       0x23 c:/devkitpro/devkitarm/bin/../lib/gcc/arm-none-eabi/6.3.0/../../../../arm-none-eabi/lib\libg.a(lib_a-init.o)
 .comment       0x00000022       0x23 c:/devkitpro/devkitarm/bin/../lib/gcc/arm-none-eabi/6.3.0/../../../../arm-none-eabi/lib\libg.a(lib_a-makebuf.o)
 .comment       0x00000022       0x23 c:/devkitpro/devkitarm/bin/../lib/gcc/arm-none-eabi/6.3.0/../../../../arm-none-eabi/lib\libg.a(lib_a-malloc.o)
 .comment       0x00000022       0x23 c:/devkitpro/devkitarm/bin/../lib/gcc/arm-none-eabi/6.3.0/../../../../arm-none-eabi/lib\libg.a(lib_a-mallocr.o)
 .comment       0x00000022       0x23 c:/devkitpro/devkitarm/bin/../lib/gcc/arm-none-eabi/6.3.0/../../../../arm-none-eabi/lib\libg.a(lib_a-memcpy-stub.o)
 .comment       0x00000022       0x23 c:/devkitpro/devkitarm/bin/../lib/gcc/arm-none-eabi/6.3.0/../../../../arm-none-eabi/lib\libg.a(lib_a-memset.o)
 .comment       0x00000022       0x23 c:/devkitpro/devkitarm/bin/../lib/gcc/arm-none-eabi/6.3.0/../../../../arm-none-eabi/lib\libg.a(lib_a-mlock.o)
 .comment       0x00000022       0x23 c:/devkitpro/devkitarm/bin/../lib/gcc/arm-none-eabi/6.3.0/../../../../arm-none-eabi/lib\libg.a(lib_a-rand.o)
 .comment       0x00000022       0x23 c:/devkitpro/devkitarm/bin/../lib/gcc/arm-none-eabi/6.3.0/../../../../arm-none-eabi/lib\libg.a(lib_a-refill.o)
 .comment       0x00000022       0x23 c:/devkitpro/devkitarm/bin/../lib/gcc/arm-none-eabi/6.3.0/../../../../arm-none-eabi/lib\libg.a(lib_a-stdio.o)
 .comment       0x00000022       0x23 c:/devkitpro/devkitarm/bin/../lib/gcc/arm-none-eabi/6.3.0/../../../../arm-none-eabi/lib\libg.a(lib_a-flags.o)
 .comment       0x00000022       0x23 c:/devkitpro/devkitarm/bin/../lib/gcc/arm-none-eabi/6.3.0/../../../../arm-none-eabi/lib\libsysbase.a(close.o)
 .comment       0x00000022       0x23 c:/devkitpro/devkitarm/bin/../lib/gcc/arm-none-eabi/6.3.0/../../../../arm-none-eabi/lib\libsysbase.a(fstat.o)
 .comment       0x00000022       0x23 c:/devkitpro/devkitarm/bin/../lib/gcc/arm-none-eabi/6.3.0/../../../../arm-none-eabi/lib\libsysbase.a(isatty.o)
 .comment       0x00000022       0x23 c:/devkitpro/devkitarm/bin/../lib/gcc/arm-none-eabi/6.3.0/../../../../arm-none-eabi/lib\libsysbase.a(lseek.o)
 .comment       0x00000022       0x23 c:/devkitpro/devkitarm/bin/../lib/gcc/arm-none-eabi/6.3.0/../../../../arm-none-eabi/lib\libsysbase.a(open.o)
 .comment       0x00000022       0x23 c:/devkitpro/devkitarm/bin/../lib/gcc/arm-none-eabi/6.3.0/../../../../arm-none-eabi/lib\libsysbase.a(read.o)
 .comment       0x00000022       0x23 c:/devkitpro/devkitarm/bin/../lib/gcc/arm-none-eabi/6.3.0/../../../../arm-none-eabi/lib\libsysbase.a(sbrk.o)
 .comment       0x00000022       0x23 c:/devkitpro/devkitarm/bin/../lib/gcc/arm-none-eabi/6.3.0/../../../../arm-none-eabi/lib\libsysbase.a(write.o)
 .comment       0x00000022       0x23 c:/devkitpro/devkitarm/bin/../lib/gcc/arm-none-eabi/6.3.0/../../../../arm-none-eabi/lib\libsysbase.a(malloc_vars.o)
 .comment       0x00000022       0x23 c:/devkitpro/devkitarm/bin/../lib/gcc/arm-none-eabi/6.3.0/../../../../arm-none-eabi/lib\libsysbase.a(build_argv.o)
 .comment       0x00000022       0x23 c:/devkitpro/devkitarm/bin/../lib/gcc/arm-none-eabi/6.3.0/../../../../arm-none-eabi/lib\libsysbase.a(flock.o)
 .comment       0x00000022       0x23 c:/devkitpro/devkitarm/bin/../lib/gcc/arm-none-eabi/6.3.0/../../../../arm-none-eabi/lib\libsysbase.a(syscall_support.o)
 .comment       0x00000022       0x23 c:/devkitpro/devkitarm/bin/../lib/gcc/arm-none-eabi/6.3.0/../../../../arm-none-eabi/lib\libsysbase.a(handle_manager.o)
 .comment       0x00000022       0x23 c:/devkitpro/devkitarm/bin/../lib/gcc/arm-none-eabi/6.3.0/../../../../arm-none-eabi/lib\libsysbase.a(getreent.o)
 .comment       0x00000022       0x23 c:/devkitpro/devkitarm/bin/../lib/gcc/arm-none-eabi/6.3.0/../../../../arm-none-eabi/lib\libsysbase.a(iosupport.o)
 .comment       0x00000022       0x23 c:/devkitpro/devkitarm/bin/../lib/gcc/arm-none-eabi/6.3.0/../../../../arm-none-eabi/lib\libg.a(lib_a-errno.o)
 .comment       0x00000022       0x23 c:/devkitpro/devkitarm/bin/../lib/gcc/arm-none-eabi/6.3.0/../../../../arm-none-eabi/lib\libg.a(lib_a-locale.o)
 .comment       0x00000022       0x23 c:/devkitpro/devkitarm/bin/../lib/gcc/arm-none-eabi/6.3.0/../../../../arm-none-eabi/lib\libg.a(lib_a-mbtowc_r.o)
 .comment       0x00000022       0x23 c:/devkitpro/devkitarm/bin/../lib/gcc/arm-none-eabi/6.3.0/../../../../arm-none-eabi/lib\libg.a(lib_a-strchr.o)
 .comment       0x00000022       0x23 c:/devkitpro/devkitarm/bin/../lib/gcc/arm-none-eabi/6.3.0/../../../../arm-none-eabi/lib\libg.a(lib_a-strlen-stub.o)
 .comment       0x00000022       0x23 c:/devkitpro/devkitarm/bin/../lib/gcc/arm-none-eabi/6.3.0/../../../../arm-none-eabi/lib\libg.a(lib_a-strncmp.o)
 .comment       0x00000022       0x23 c:/devkitpro/devkitarm/bin/../lib/gcc/arm-none-eabi/6.3.0/../../../../arm-none-eabi/lib\libg.a(lib_a-wctomb_r.o)
 .comment       0x00000022       0x23 c:/devkitpro/devkitarm/bin/../lib/gcc/arm-none-eabi/6.3.0/../../../../arm-none-eabi/lib\libg.a(lib_a-ctype_.o)
 .comment       0x00000022       0x23 c:/devkitpro/devkitarm/bin/../lib/gcc/arm-none-eabi/6.3.0/crtend.o

.ARM.attributes
                0x00000000       0x2d
 .ARM.attributes
                0x00000000       0x21 c:/devkitpro/devkitarm/bin/../lib/gcc/arm-none-eabi/6.3.0/../../../../arm-none-eabi/lib/ds_arm9_crt0.o
 .ARM.attributes
                0x00000021       0x16 c:/devkitpro/devkitarm/bin/../lib/gcc/arm-none-eabi/6.3.0/crti.o
 .ARM.attributes
                0x00000037       0x30 c:/devkitpro/devkitarm/bin/../lib/gcc/arm-none-eabi/6.3.0/crtbegin.o
 .ARM.attributes
                0x00000067       0x14 soundbank.bin.o
 .ARM.attributes
                0x0000007b       0x1b background.o
 .ARM.attributes
                0x00000096       0x1b bird1.o
 .ARM.attributes
                0x000000b1       0x1b bird2.o
 .ARM.attributes
                0x000000cc       0x1b bird3.o
 .ARM.attributes
                0x000000e7       0x1b bird4.o
 .ARM.attributes
                0x00000102       0x1b cage1.o
 .ARM.attributes
                0x0000011d       0x1b cage2.o
 .ARM.attributes
                0x00000138       0x1b cage3.o
 .ARM.attributes
                0x00000153       0x1b cage4.o
 .ARM.attributes
                0x0000016e       0x1b cage5.o
 .ARM.attributes
                0x00000189       0x1b coco1.o
 .ARM.attributes
                0x000001a4       0x1b coco2.o
 .ARM.attributes
                0x000001bf       0x1b controls.o
 .ARM.attributes
                0x000001da       0x1b croc1.o
 .ARM.attributes
                0x000001f5       0x1b croc2.o
 .ARM.attributes
                0x00000210       0x1b croc3.o
 .ARM.attributes
                0x0000022b       0x1b croc4.o
 .ARM.attributes
                0x00000246       0x1b croc5.o
 .ARM.attributes
                0x00000261       0x1b foul1.o
 .ARM.attributes
                0x0000027c       0x1b foul2.o
 .ARM.attributes
                0x00000297       0x1b gameover.o
 .ARM.attributes
                0x000002b2       0x1b history.o
 .ARM.attributes
                0x000002cd       0x1b intro.o
 .ARM.attributes
                0x000002e8       0x1b jump1.o
 .ARM.attributes
                0x00000303       0x1b jump2.o
 .ARM.attributes
                0x0000031e       0x1b jump3.o
 .ARM.attributes
                0x00000339       0x1b jump4.o
 .ARM.attributes
                0x00000354       0x1b jump5.o
 .ARM.attributes
                0x0000036f       0x1b junior1.o
 .ARM.attributes
                0x0000038a       0x1b junior10.o
 .ARM.attributes
                0x000003a5       0x1b junior12.o
 .ARM.attributes
                0x000003c0       0x1b junior13.o
 .ARM.attributes
                0x000003db       0x1b junior15.o
 .ARM.attributes
                0x000003f6       0x1b junior18.o
 .ARM.attributes
                0x00000411       0x1b junior19.o
 .ARM.attributes
                0x0000042c       0x1b junior2.o
 .ARM.attributes
                0x00000447       0x1b junior20.o
 .ARM.attributes
                0x00000462       0x1b junior3.o
 .ARM.attributes
                0x0000047d       0x1b junior4.o
 .ARM.attributes
                0x00000498       0x1b junior8.o
 .ARM.attributes
                0x000004b3       0x1b key1.o
 .ARM.attributes
                0x000004ce       0x1b key2.o
 .ARM.attributes
                0x000004e9       0x1b key3.o
 .ARM.attributes
                0x00000504       0x1b key4.o
 .ARM.attributes
                0x0000051f       0x1b original.o
 .ARM.attributes
                0x0000053a       0x1b rsbird1.o
 .ARM.attributes
                0x00000555       0x1b rsbird2.o
 .ARM.attributes
                0x00000570       0x1b rsbird3.o
 .ARM.attributes
                0x0000058b       0x1b rsbird4.o
 .ARM.attributes
                0x000005a6       0x1b rscoco1.o
 .ARM.attributes
                0x000005c1       0x1b rscoco2.o
 .ARM.attributes
                0x000005dc       0x1b rscroc1.o
 .ARM.attributes
                0x000005f7       0x1b rscroc2.o
 .ARM.attributes
                0x00000612       0x1b rscroc3.o
 .ARM.attributes
                0x0000062d       0x1b rscroc4.o
 .ARM.attributes
                0x00000648       0x1b rscroc5.o
 .ARM.attributes
                0x00000663       0x1b rsjump1.o
 .ARM.attributes
                0x0000067e       0x1b rsjump2.o
 .ARM.attributes
                0x00000699       0x1b rsjump3.o
 .ARM.attributes
                0x000006b4       0x1b rsjump4.o
 .ARM.attributes
                0x000006cf       0x1b rsjump5.o
 .ARM.attributes
                0x000006ea       0x1b rsjunior1.o
 .ARM.attributes
                0x00000705       0x1b rsjunior10.o
 .ARM.attributes
                0x00000720       0x1b rsjunior12.o
 .ARM.attributes
                0x0000073b       0x1b rsjunior13.o
 .ARM.attributes
                0x00000756       0x1b rsjunior15.o
 .ARM.attributes
                0x00000771       0x1b rsjunior18.o
 .ARM.attributes
                0x0000078c       0x1b rsjunior19.o
 .ARM.attributes
                0x000007a7       0x1b rsjunior2.o
 .ARM.attributes
                0x000007c2       0x1b rsjunior20.o
 .ARM.attributes
                0x000007dd       0x1b rsjunior3.o
 .ARM.attributes
                0x000007f8       0x1b rsjunior4.o
 .ARM.attributes
                0x00000813       0x1b rsjunior8.o
 .ARM.attributes
                0x0000082e       0x1b rskey.o
 .ARM.attributes
                0x00000849       0x1b score0.o
 .ARM.attributes
                0x00000864       0x1b score1.o
 .ARM.attributes
                0x0000087f       0x1b score2.o
 .ARM.attributes
                0x0000089a       0x1b score3.o
 .ARM.attributes
                0x000008b5       0x1b score4.o
 .ARM.attributes
                0x000008d0       0x1b score5.o
 .ARM.attributes
                0x000008eb       0x1b score6.o
 .ARM.attributes
                0x00000906       0x1b score7.o
 .ARM.attributes
                0x00000921       0x1b score8.o
 .ARM.attributes
                0x0000093c       0x1b score9.o
 .ARM.attributes
                0x00000957       0x1b select.o
 .ARM.attributes
                0x00000972       0x2b main.o
 .ARM.attributes
                0x0000099d       0x1b c:/devkitPro/libnds/lib\libmm9.a(mm_main9.o)
 .ARM.attributes
                0x000009b8       0x1b c:/devkitPro/libnds/lib\libmm9.a(mm_memory.o)
 .ARM.attributes
                0x000009d3       0x1b c:/devkitPro/libnds/lib\libmm9.a(mm_comms.o)
 .ARM.attributes
                0x000009ee       0x1b c:/devkitPro/libnds/lib\libmm9.a(mm_flusher.o)
 .ARM.attributes
                0x00000a09       0x1b c:/devkitPro/libnds/lib\libmm9.a(mm_soundbank.o)
 .ARM.attributes
                0x00000a24       0x2b c:/devkitPro/libnds/lib\libnds9.a(video.o)
 .ARM.attributes
                0x00000a4f       0x2b c:/devkitPro/libnds/lib\libnds9.a(touch.o)
 .ARM.attributes
                0x00000a7a       0x2b c:/devkitPro/libnds/lib\libnds9.a(system.o)
 .ARM.attributes
                0x00000aa5       0x2b c:/devkitPro/libnds/lib\libnds9.a(keys.o)
 .ARM.attributes
                0x00000ad0       0x2b c:/devkitPro/libnds/lib\libnds9.a(initSystem.o)
 .ARM.attributes
                0x00000afb       0x2b c:/devkitPro/libnds/lib\libnds9.a(timeSupport.o)
 .ARM.attributes
                0x00000b26       0x2b c:/devkitPro/libnds/lib\libnds9.a(securearea.o)
 .ARM.attributes
                0x00000b51       0x2b c:/devkitPro/libnds/lib\libnds9.a(interrupts.o)
 .ARM.attributes
                0x00000b7c       0x2b c:/devkitPro/libnds/lib\libnds9.a(libnds_exit.arm.o)
 .ARM.attributes
                0x00000ba7       0x2b c:/devkitPro/libnds/lib\libnds9.a(fifosystem.o)
 .ARM.attributes
                0x00000bd2       0x21 c:/devkitPro/libnds/lib\libnds9.a(mpu_setup.o)
 .ARM.attributes
                0x00000bf3       0x21 c:/devkitPro/libnds/lib\libnds9.a(IntrWait.o)
 .ARM.attributes
                0x00000c14       0x21 c:/devkitPro/libnds/lib\libnds9.a(cpu_clock.o)
 .ARM.attributes
                0x00000c35       0x1b c:/devkitPro/libnds/lib\libnds9.a(interruptDispatcher.o)
 .ARM.attributes
                0x00000c50       0x21 c:/devkitPro/libnds/lib\libnds9.a(swiSoftReset.o)
 .ARM.attributes
                0x00000c71       0x1b c:/devkitPro/libnds/lib\libnds9.a(biosCalls.o)
 .ARM.attributes
                0x00000c8c       0x18 c:/devkitpro/devkitarm/bin/../lib/gcc/arm-none-eabi/6.3.0\libgcc.a(_divsi3.o)
 .ARM.attributes
                0x00000ca4       0x18 c:/devkitpro/devkitarm/bin/../lib/gcc/arm-none-eabi/6.3.0\libgcc.a(_dvmd_tls.o)
 .ARM.attributes
                0x00000cbc       0x30 c:/devkitpro/devkitarm/bin/../lib/gcc/arm-none-eabi/6.3.0/../../../../arm-none-eabi/lib\libg.a(lib_a-fclose.o)
 .ARM.attributes
                0x00000cec       0x30 c:/devkitpro/devkitarm/bin/../lib/gcc/arm-none-eabi/6.3.0/../../../../arm-none-eabi/lib\libg.a(lib_a-fflush.o)
 .ARM.attributes
                0x00000d1c       0x30 c:/devkitpro/devkitarm/bin/../lib/gcc/arm-none-eabi/6.3.0/../../../../arm-none-eabi/lib\libg.a(lib_a-findfp.o)
 .ARM.attributes
                0x00000d4c       0x30 c:/devkitpro/devkitarm/bin/../lib/gcc/arm-none-eabi/6.3.0/../../../../arm-none-eabi/lib\libg.a(lib_a-fopen.o)
 .ARM.attributes
                0x00000d7c       0x30 c:/devkitpro/devkitarm/bin/../lib/gcc/arm-none-eabi/6.3.0/../../../../arm-none-eabi/lib\libg.a(lib_a-fread.o)
 .ARM.attributes
                0x00000dac       0x30 c:/devkitpro/devkitarm/bin/../lib/gcc/arm-none-eabi/6.3.0/../../../../arm-none-eabi/lib\libg.a(lib_a-freer.o)
 .ARM.attributes
                0x00000ddc       0x30 c:/devkitpro/devkitarm/bin/../lib/gcc/arm-none-eabi/6.3.0/../../../../arm-none-eabi/lib\libg.a(lib_a-fseek.o)
 .ARM.attributes
                0x00000e0c       0x30 c:/devkitpro/devkitarm/bin/../lib/gcc/arm-none-eabi/6.3.0/../../../../arm-none-eabi/lib\libg.a(lib_a-fseeko.o)
 .ARM.attributes
                0x00000e3c       0x30 c:/devkitpro/devkitarm/bin/../lib/gcc/arm-none-eabi/6.3.0/../../../../arm-none-eabi/lib\libg.a(lib_a-fwalk.o)
 .ARM.attributes
                0x00000e6c       0x30 c:/devkitpro/devkitarm/bin/../lib/gcc/arm-none-eabi/6.3.0/../../../../arm-none-eabi/lib\libg.a(lib_a-impure.o)
 .ARM.attributes
                0x00000e9c       0x30 c:/devkitpro/devkitarm/bin/../lib/gcc/arm-none-eabi/6.3.0/../../../../arm-none-eabi/lib\libg.a(lib_a-init.o)
 .ARM.attributes
                0x00000ecc       0x30 c:/devkitpro/devkitarm/bin/../lib/gcc/arm-none-eabi/6.3.0/../../../../arm-none-eabi/lib\libg.a(lib_a-makebuf.o)
 .ARM.attributes
                0x00000efc       0x30 c:/devkitpro/devkitarm/bin/../lib/gcc/arm-none-eabi/6.3.0/../../../../arm-none-eabi/lib\libg.a(lib_a-malloc.o)
 .ARM.attributes
                0x00000f2c       0x30 c:/devkitpro/devkitarm/bin/../lib/gcc/arm-none-eabi/6.3.0/../../../../arm-none-eabi/lib\libg.a(lib_a-mallocr.o)
 .ARM.attributes
                0x00000f5c       0x30 c:/devkitpro/devkitarm/bin/../lib/gcc/arm-none-eabi/6.3.0/../../../../arm-none-eabi/lib\libg.a(lib_a-memcpy-stub.o)
 .ARM.attributes
                0x00000f8c       0x30 c:/devkitpro/devkitarm/bin/../lib/gcc/arm-none-eabi/6.3.0/../../../../arm-none-eabi/lib\libg.a(lib_a-memset.o)
 .ARM.attributes
                0x00000fbc       0x30 c:/devkitpro/devkitarm/bin/../lib/gcc/arm-none-eabi/6.3.0/../../../../arm-none-eabi/lib\libg.a(lib_a-mlock.o)
 .ARM.attributes
                0x00000fec       0x30 c:/devkitpro/devkitarm/bin/../lib/gcc/arm-none-eabi/6.3.0/../../../../arm-none-eabi/lib\libg.a(lib_a-rand.o)
 .ARM.attributes
                0x0000101c       0x30 c:/devkitpro/devkitarm/bin/../lib/gcc/arm-none-eabi/6.3.0/../../../../arm-none-eabi/lib\libg.a(lib_a-refill.o)
 .ARM.attributes
                0x0000104c       0x30 c:/devkitpro/devkitarm/bin/../lib/gcc/arm-none-eabi/6.3.0/../../../../arm-none-eabi/lib\libg.a(lib_a-stdio.o)
 .ARM.attributes
                0x0000107c       0x30 c:/devkitpro/devkitarm/bin/../lib/gcc/arm-none-eabi/6.3.0/../../../../arm-none-eabi/lib\libg.a(lib_a-flags.o)
 .ARM.attributes
                0x000010ac       0x30 c:/devkitpro/devkitarm/bin/../lib/gcc/arm-none-eabi/6.3.0/../../../../arm-none-eabi/lib\libsysbase.a(close.o)
 .ARM.attributes
                0x000010dc       0x30 c:/devkitpro/devkitarm/bin/../lib/gcc/arm-none-eabi/6.3.0/../../../../arm-none-eabi/lib\libsysbase.a(fstat.o)
 .ARM.attributes
                0x0000110c       0x30 c:/devkitpro/devkitarm/bin/../lib/gcc/arm-none-eabi/6.3.0/../../../../arm-none-eabi/lib\libsysbase.a(isatty.o)
 .ARM.attributes
                0x0000113c       0x30 c:/devkitpro/devkitarm/bin/../lib/gcc/arm-none-eabi/6.3.0/../../../../arm-none-eabi/lib\libsysbase.a(lseek.o)
 .ARM.attributes
                0x0000116c       0x30 c:/devkitpro/devkitarm/bin/../lib/gcc/arm-none-eabi/6.3.0/../../../../arm-none-eabi/lib\libsysbase.a(open.o)
 .ARM.attributes
                0x0000119c       0x30 c:/devkitpro/devkitarm/bin/../lib/gcc/arm-none-eabi/6.3.0/../../../../arm-none-eabi/lib\libsysbase.a(read.o)
 .ARM.attributes
                0x000011cc       0x30 c:/devkitpro/devkitarm/bin/../lib/gcc/arm-none-eabi/6.3.0/../../../../arm-none-eabi/lib\libsysbase.a(sbrk.o)
 .ARM.attributes
                0x000011fc       0x30 c:/devkitpro/devkitarm/bin/../lib/gcc/arm-none-eabi/6.3.0/../../../../arm-none-eabi/lib\libsysbase.a(write.o)
 .ARM.attributes
                0x0000122c       0x30 c:/devkitpro/devkitarm/bin/../lib/gcc/arm-none-eabi/6.3.0/../../../../arm-none-eabi/lib\libsysbase.a(malloc_vars.o)
 .ARM.attributes
                0x0000125c       0x30 c:/devkitpro/devkitarm/bin/../lib/gcc/arm-none-eabi/6.3.0/../../../../arm-none-eabi/lib\libsysbase.a(build_argv.o)
 .ARM.attributes
                0x0000128c       0x30 c:/devkitpro/devkitarm/bin/../lib/gcc/arm-none-eabi/6.3.0/../../../../arm-none-eabi/lib\libsysbase.a(flock.o)
 .ARM.attributes
                0x000012bc       0x30 c:/devkitpro/devkitarm/bin/../lib/gcc/arm-none-eabi/6.3.0/../../../../arm-none-eabi/lib\libsysbase.a(syscall_support.o)
 .ARM.attributes
                0x000012ec       0x30 c:/devkitpro/devkitarm/bin/../lib/gcc/arm-none-eabi/6.3.0/../../../../arm-none-eabi/lib\libsysbase.a(handle_manager.o)
 .ARM.attributes
                0x0000131c       0x30 c:/devkitpro/devkitarm/bin/../lib/gcc/arm-none-eabi/6.3.0/../../../../arm-none-eabi/lib\libsysbase.a(getreent.o)
 .ARM.attributes
                0x0000134c       0x30 c:/devkitpro/devkitarm/bin/../lib/gcc/arm-none-eabi/6.3.0/../../../../arm-none-eabi/lib\libsysbase.a(iosupport.o)
 .ARM.attributes
                0x0000137c       0x18 c:/devkitpro/devkitarm/bin/../lib/gcc/arm-none-eabi/6.3.0\libgcc.a(_udivsi3.o)
 .ARM.attributes
                0x00001394       0x30 c:/devkitpro/devkitarm/bin/../lib/gcc/arm-none-eabi/6.3.0/../../../../arm-none-eabi/lib\libg.a(lib_a-errno.o)
 .ARM.attributes
                0x000013c4       0x30 c:/devkitpro/devkitarm/bin/../lib/gcc/arm-none-eabi/6.3.0/../../../../arm-none-eabi/lib\libg.a(lib_a-locale.o)
 .ARM.attributes
                0x000013f4       0x30 c:/devkitpro/devkitarm/bin/../lib/gcc/arm-none-eabi/6.3.0/../../../../arm-none-eabi/lib\libg.a(lib_a-mbtowc_r.o)
 .ARM.attributes
                0x00001424       0x30 c:/devkitpro/devkitarm/bin/../lib/gcc/arm-none-eabi/6.3.0/../../../../arm-none-eabi/lib\libg.a(lib_a-strchr.o)
 .ARM.attributes
                0x00001454       0x30 c:/devkitpro/devkitarm/bin/../lib/gcc/arm-none-eabi/6.3.0/../../../../arm-none-eabi/lib\libg.a(lib_a-strlen-stub.o)
 .ARM.attributes
                0x00001484       0x30 c:/devkitpro/devkitarm/bin/../lib/gcc/arm-none-eabi/6.3.0/../../../../arm-none-eabi/lib\libg.a(lib_a-strncmp.o)
 .ARM.attributes
                0x000014b4       0x30 c:/devkitpro/devkitarm/bin/../lib/gcc/arm-none-eabi/6.3.0/../../../../arm-none-eabi/lib\libg.a(lib_a-wctomb_r.o)
 .ARM.attributes
                0x000014e4       0x30 c:/devkitpro/devkitarm/bin/../lib/gcc/arm-none-eabi/6.3.0/../../../../arm-none-eabi/lib\libg.a(lib_a-ctype_.o)
 .ARM.attributes
                0x00001514       0x30 c:/devkitpro/devkitarm/bin/../lib/gcc/arm-none-eabi/6.3.0/crtend.o
 .ARM.attributes
                0x00001544       0x18 c:/devkitpro/devkitarm/bin/../lib/gcc/arm-none-eabi/6.3.0/crtn.o

.debug
 *(.debug)

.line
 *(.line)

.debug_srcinfo
 *(.debug_srcinfo)

.debug_sfnames
 *(.debug_sfnames)

.debug_aranges  0x00000000      0x450
 *(.debug_aranges)
 .debug_aranges
                0x00000000       0x28 main.o
 .debug_aranges
                0x00000028       0x48 c:/devkitPro/libnds/lib\libnds9.a(video.o)
 .debug_aranges
                0x00000070       0x28 c:/devkitPro/libnds/lib\libnds9.a(touch.o)
 .debug_aranges
                0x00000098       0x58 c:/devkitPro/libnds/lib\libnds9.a(system.o)
 .debug_aranges
                0x000000f0       0x50 c:/devkitPro/libnds/lib\libnds9.a(keys.o)
 .debug_aranges
                0x00000140       0x20 c:/devkitPro/libnds/lib\libnds9.a(initSystem.o)
 .debug_aranges
                0x00000160       0x20 c:/devkitPro/libnds/lib\libnds9.a(timeSupport.o)
 .debug_aranges
                0x00000180       0x18 c:/devkitPro/libnds/lib\libnds9.a(securearea.o)
 .debug_aranges
                0x00000198       0x50 c:/devkitPro/libnds/lib\libnds9.a(interrupts.o)
 .debug_aranges
                0x000001e8       0x28 c:/devkitPro/libnds/lib\libnds9.a(libnds_exit.arm.o)
 .debug_aranges
                0x00000210       0xc0 c:/devkitPro/libnds/lib\libnds9.a(fifosystem.o)
 .debug_aranges
                0x000002d0       0x30 c:/devkitPro/libnds/lib\libnds9.a(mpu_setup.o)
 .debug_aranges
                0x00000300       0x28 c:/devkitPro/libnds/lib\libnds9.a(IntrWait.o)
 .debug_aranges
                0x00000328       0x20 c:/devkitPro/libnds/lib\libnds9.a(cpu_clock.o)
 .debug_aranges
                0x00000348       0x20 c:/devkitPro/libnds/lib\libnds9.a(interruptDispatcher.o)
 .debug_aranges
                0x00000368       0x20 c:/devkitPro/libnds/lib\libnds9.a(swiSoftReset.o)
 .debug_aranges
                0x00000388       0xc8 c:/devkitPro/libnds/lib\libnds9.a(biosCalls.o)

.debug_pubnames
 *(.debug_pubnames)

.debug_info     0x00000000    0x1695e
 *(.debug_info)
 .debug_info    0x00000000     0xd8f6 main.o
 .debug_info    0x0000d8f6      0x740 c:/devkitPro/libnds/lib\libnds9.a(video.o)
 .debug_info    0x0000e036      0xc62 c:/devkitPro/libnds/lib\libnds9.a(touch.o)
 .debug_info    0x0000ec98     0x125b c:/devkitPro/libnds/lib\libnds9.a(system.o)
 .debug_info    0x0000fef3      0xd37 c:/devkitPro/libnds/lib\libnds9.a(keys.o)
 .debug_info    0x00010c2a     0x1c22 c:/devkitPro/libnds/lib\libnds9.a(initSystem.o)
 .debug_info    0x0001284c      0xa12 c:/devkitPro/libnds/lib\libnds9.a(timeSupport.o)
 .debug_info    0x0001325e       0x54 c:/devkitPro/libnds/lib\libnds9.a(securearea.o)
 .debug_info    0x000132b2      0x669 c:/devkitPro/libnds/lib\libnds9.a(interrupts.o)
 .debug_info    0x0001391b      0xc56 c:/devkitPro/libnds/lib\libnds9.a(libnds_exit.arm.o)
 .debug_info    0x00014571     0x1f70 c:/devkitPro/libnds/lib\libnds9.a(fifosystem.o)
 .debug_info    0x000164e1       0xbe c:/devkitPro/libnds/lib\libnds9.a(mpu_setup.o)
 .debug_info    0x0001659f       0xbd c:/devkitPro/libnds/lib\libnds9.a(IntrWait.o)
 .debug_info    0x0001665c       0xc2 c:/devkitPro/libnds/lib\libnds9.a(cpu_clock.o)
 .debug_info    0x0001671e       0xc7 c:/devkitPro/libnds/lib\libnds9.a(interruptDispatcher.o)
 .debug_info    0x000167e5       0xc0 c:/devkitPro/libnds/lib\libnds9.a(swiSoftReset.o)
 .debug_info    0x000168a5       0xb9 c:/devkitPro/libnds/lib\libnds9.a(biosCalls.o)

.debug_abbrev   0x00000000     0x1f1c
 *(.debug_abbrev)
 .debug_abbrev  0x00000000      0x566 main.o
 .debug_abbrev  0x00000566      0x1e4 c:/devkitPro/libnds/lib\libnds9.a(video.o)
 .debug_abbrev  0x0000074a      0x231 c:/devkitPro/libnds/lib\libnds9.a(touch.o)
 .debug_abbrev  0x0000097b      0x314 c:/devkitPro/libnds/lib\libnds9.a(system.o)
 .debug_abbrev  0x00000c8f      0x282 c:/devkitPro/libnds/lib\libnds9.a(keys.o)
 .debug_abbrev  0x00000f11      0x356 c:/devkitPro/libnds/lib\libnds9.a(initSystem.o)
 .debug_abbrev  0x00001267      0x1da c:/devkitPro/libnds/lib\libnds9.a(timeSupport.o)
 .debug_abbrev  0x00001441       0x43 c:/devkitPro/libnds/lib\libnds9.a(securearea.o)
 .debug_abbrev  0x00001484      0x288 c:/devkitPro/libnds/lib\libnds9.a(interrupts.o)
 .debug_abbrev  0x0000170c      0x287 c:/devkitPro/libnds/lib\libnds9.a(libnds_exit.arm.o)
 .debug_abbrev  0x00001993      0x517 c:/devkitPro/libnds/lib\libnds9.a(fifosystem.o)
 .debug_abbrev  0x00001eaa       0x12 c:/devkitPro/libnds/lib\libnds9.a(mpu_setup.o)
 .debug_abbrev  0x00001ebc       0x12 c:/devkitPro/libnds/lib\libnds9.a(IntrWait.o)
 .debug_abbrev  0x00001ece       0x14 c:/devkitPro/libnds/lib\libnds9.a(cpu_clock.o)
 .debug_abbrev  0x00001ee2       0x14 c:/devkitPro/libnds/lib\libnds9.a(interruptDispatcher.o)
 .debug_abbrev  0x00001ef6       0x14 c:/devkitPro/libnds/lib\libnds9.a(swiSoftReset.o)
 .debug_abbrev  0x00001f0a       0x12 c:/devkitPro/libnds/lib\libnds9.a(biosCalls.o)

.debug_line     0x00000000     0x53c8
 *(.debug_line)
 .debug_line    0x00000000     0x2e0e main.o
 .debug_line    0x00002e0e      0x29d c:/devkitPro/libnds/lib\libnds9.a(video.o)
 .debug_line    0x000030ab      0x2cc c:/devkitPro/libnds/lib\libnds9.a(touch.o)
 .debug_line    0x00003377      0x397 c:/devkitPro/libnds/lib\libnds9.a(system.o)
 .debug_line    0x0000370e      0x32f c:/devkitPro/libnds/lib\libnds9.a(keys.o)
 .debug_line    0x00003a3d      0x3b5 c:/devkitPro/libnds/lib\libnds9.a(initSystem.o)
 .debug_line    0x00003df2      0x1e3 c:/devkitPro/libnds/lib\libnds9.a(timeSupport.o)
 .debug_line    0x00003fd5       0x7c c:/devkitPro/libnds/lib\libnds9.a(securearea.o)
 .debug_line    0x00004051      0x2e3 c:/devkitPro/libnds/lib\libnds9.a(interrupts.o)
 .debug_line    0x00004334      0x26c c:/devkitPro/libnds/lib\libnds9.a(libnds_exit.arm.o)
 .debug_line    0x000045a0      0x869 c:/devkitPro/libnds/lib\libnds9.a(fifosystem.o)
 .debug_line    0x00004e09      0x129 c:/devkitPro/libnds/lib\libnds9.a(mpu_setup.o)
 .debug_line    0x00004f32       0xb1 c:/devkitPro/libnds/lib\libnds9.a(IntrWait.o)
 .debug_line    0x00004fe3       0x9d c:/devkitPro/libnds/lib\libnds9.a(cpu_clock.o)
 .debug_line    0x00005080       0xc6 c:/devkitPro/libnds/lib\libnds9.a(interruptDispatcher.o)
 .debug_line    0x00005146       0x96 c:/devkitPro/libnds/lib\libnds9.a(swiSoftReset.o)
 .debug_line    0x000051dc      0x1ec c:/devkitPro/libnds/lib\libnds9.a(biosCalls.o)

.debug_frame    0x00000000      0x7b4
 *(.debug_frame)
 .debug_frame   0x00000000      0x1a4 main.o
 .debug_frame   0x000001a4       0xb8 c:/devkitPro/libnds/lib\libnds9.a(video.o)
 .debug_frame   0x0000025c       0x3c c:/devkitPro/libnds/lib\libnds9.a(touch.o)
 .debug_frame   0x00000298       0xc8 c:/devkitPro/libnds/lib\libnds9.a(system.o)
 .debug_frame   0x00000360       0x8c c:/devkitPro/libnds/lib\libnds9.a(keys.o)
 .debug_frame   0x000003ec       0x28 c:/devkitPro/libnds/lib\libnds9.a(initSystem.o)
 .debug_frame   0x00000414       0x20 c:/devkitPro/libnds/lib\libnds9.a(timeSupport.o)
 .debug_frame   0x00000434       0xa4 c:/devkitPro/libnds/lib\libnds9.a(interrupts.o)
 .debug_frame   0x000004d8       0x3c c:/devkitPro/libnds/lib\libnds9.a(libnds_exit.arm.o)
 .debug_frame   0x00000514      0x2a0 c:/devkitPro/libnds/lib\libnds9.a(fifosystem.o)

.debug_str      0x00000000     0x3c36
 *(.debug_str)
 .debug_str     0x00000000     0x22ca main.o
                               0x261a (size before relaxing)
 .debug_str     0x000022ca      0x5c9 c:/devkitPro/libnds/lib\libnds9.a(video.o)
                                0xc11 (size before relaxing)
 .debug_str     0x00002893      0x14d c:/devkitPro/libnds/lib\libnds9.a(touch.o)
                                0x7cf (size before relaxing)
 .debug_str     0x000029e0      0x432 c:/devkitPro/libnds/lib\libnds9.a(system.o)
                                0xbd5 (size before relaxing)
 .debug_str     0x00002e12       0xb4 c:/devkitPro/libnds/lib\libnds9.a(keys.o)
                                0x856 (size before relaxing)
 .debug_str     0x00002ec6      0x582 c:/devkitPro/libnds/lib\libnds9.a(initSystem.o)
                               0x1225 (size before relaxing)
 .debug_str     0x00003448       0x6b c:/devkitPro/libnds/lib\libnds9.a(timeSupport.o)
                                0x696 (size before relaxing)
 .debug_str     0x000034b3       0x6c c:/devkitPro/libnds/lib\libnds9.a(securearea.o)
                                0x102 (size before relaxing)
 .debug_str     0x0000351f      0x173 c:/devkitPro/libnds/lib\libnds9.a(interrupts.o)
                                0x499 (size before relaxing)
 .debug_str     0x00003692      0x117 c:/devkitPro/libnds/lib\libnds9.a(libnds_exit.arm.o)
                                0x868 (size before relaxing)
 .debug_str     0x000037a9      0x48d c:/devkitPro/libnds/lib\libnds9.a(fifosystem.o)
                                0xd5e (size before relaxing)

.debug_loc      0x00000000    0x17519
 *(.debug_loc)
 .debug_loc     0x00000000    0x1595e main.o
 .debug_loc     0x0001595e      0x312 c:/devkitPro/libnds/lib\libnds9.a(video.o)
 .debug_loc     0x00015c70       0xa5 c:/devkitPro/libnds/lib\libnds9.a(touch.o)
 .debug_loc     0x00015d15      0x1f9 c:/devkitPro/libnds/lib\libnds9.a(system.o)
 .debug_loc     0x00015f0e       0xd8 c:/devkitPro/libnds/lib\libnds9.a(initSystem.o)
 .debug_loc     0x00015fe6       0x21 c:/devkitPro/libnds/lib\libnds9.a(timeSupport.o)
 .debug_loc     0x00016007      0x1aa c:/devkitPro/libnds/lib\libnds9.a(interrupts.o)
 .debug_loc     0x000161b1       0x58 c:/devkitPro/libnds/lib\libnds9.a(libnds_exit.arm.o)
 .debug_loc     0x00016209     0x1310 c:/devkitPro/libnds/lib\libnds9.a(fifosystem.o)

.debug_macinfo
 *(.debug_macinfo)

.debug_weaknames
 *(.debug_weaknames)

.debug_funcnames
 *(.debug_funcnames)

.debug_typenames
 *(.debug_typenames)

.debug_varnames
 *(.debug_varnames)

.stack          0x00080000        0x0
                0x00080000                _stack = .
 *(.stack)
LOAD c:/devkitpro/devkitarm/bin/../lib/gcc/arm-none-eabi/6.3.0/../../../../arm-none-eabi/lib/ds_arm9_crt0.o
LOAD c:/devkitpro/devkitarm/bin/../lib/gcc/arm-none-eabi/6.3.0/crti.o
LOAD c:/devkitpro/devkitarm/bin/../lib/gcc/arm-none-eabi/6.3.0/crtbegin.o
LOAD soundbank.bin.o
LOAD background.o
LOAD bird1.o
LOAD bird2.o
LOAD bird3.o
LOAD bird4.o
LOAD cage1.o
LOAD cage2.o
LOAD cage3.o
LOAD cage4.o
LOAD cage5.o
LOAD coco1.o
LOAD coco2.o
LOAD controls.o
LOAD croc1.o
LOAD croc2.o
LOAD croc3.o
LOAD croc4.o
LOAD croc5.o
LOAD foul1.o
LOAD foul2.o
LOAD gameover.o
LOAD history.o
LOAD intro.o
LOAD jump1.o
LOAD jump2.o
LOAD jump3.o
LOAD jump4.o
LOAD jump5.o
LOAD junior1.o